query_set1.2498.lob
query_set1.2271.lob
query_set1.642.lob
query_set1.2552.lob
query_set1.2011.lob
query_set1.2823.lob
query_set1.3854.lob
query_set1.5986.lob
query_set1.1768.lob
query_set1.5239.lob
query_set1.2270.lob
query_set1.019.lob
query_set1.4506.lob
query_set1.2115.lob
query_set1.5509.lob
query_set1.4202.lob
query_set1.4911.lob
query_set1.2871.lob
query_set1.5810.lob
query_set1.5884.lob
query_set1.5622.lob
query_set1.1264.lob
query_set1.2512.lob
query_set1.687.lob
query_set1.4234.lob
query_set1.3001.lob
query_set1.1300.lob
query_set1.2635.lob
query_set1.5376.lob
query_set1.6016.lob
query_set1.5337.lob
query_set1.4597.lob
query_set1.1410.lob
query_set1.2868.lob
query_set1.4384.lob
query_set1.4162.lob
query_set1.4228.lob
query_set1.3245.lob
query_set1.483.lob
query_set1.617.lob
query_set1.4403.lob
query_set1.5772.lob
query_set1.6081.lob
query_set1.402.lob
query_set1.4427.lob
query_set1.3906.lob
query_set1.122.lob
query_set1.3722.lob
query_set1.6094.lob
query_set1.3003.lob
query_set1.4829.lob
query_set1.233.lob
query_set1.5713.lob
query_set1.1478.lob
query_set1.4377.lob
query_set1.6127.lob
query_set1.002.lob
query_set1.1477.lob
query_set1.4701.lob
query_set1.2702.lob
query_set1.6179.lob
query_set1.2361.lob
query_set1.3640.lob
query_set1.2943.lob
query_set1.5749.lob
query_set1.2055.lob
query_set1.2777.lob
query_set1.137.lob
query_set1.2874.lob
query_set1.2302.lob
query_set1.1399.lob
query_set1.1443.lob
query_set1.2901.lob
query_set1.4769.lob
query_set1.3364.lob
query_set1.1747.lob
query_set1.5360.lob
query_set1.2546.lob
query_set1.2904.lob
query_set1.2524.lob
query_set1.4128.lob
query_set1.1456.lob
query_set1.1492.lob
query_set1.3190.lob
query_set1.5606.lob
query_set1.6108.lob
query_set1.6111.lob
query_set1.420.lob
query_set1.264.lob
query_set1.4252.lob
query_set1.2832.lob
query_set1.3226.lob
query_set1.5445.lob
query_set1.4249.lob
query_set1.2372.lob
query_set1.3312.lob
query_set1.5380.lob
query_set1.2227.lob
query_set1.5316.lob
query_set1.2999.lob
query_set1.3211.lob
query_set1.788.lob
query_set1.2168.lob
query_set1.3520.lob
query_set1.2624.lob
query_set1.1951.lob
query_set1.4815.lob
query_set1.5344.lob
query_set1.3647.lob
query_set1.4533.lob
query_set1.5619.lob
query_set1.2896.lob
query_set1.5458.lob
query_set1.492.lob
query_set1.2330.lob
query_set1.2520.lob
query_set1.100.lob
query_set1.5651.lob
query_set1.2496.lob
query_set1.2583.lob
query_set1.4562.lob
query_set1.4222.lob
query_set1.1279.lob
query_set1.2096.lob
query_set1.2163.lob
query_set1.1749.lob
query_set1.505.lob
query_set1.016.lob
query_set1.5450.lob
query_set1.227.lob
query_set1.6166.lob
query_set1.3584.lob
query_set1.2042.lob
query_set1.3249.lob
query_set1.219.lob
query_set1.5439.lob
query_set1.639.lob
query_set1.2944.lob
query_set1.5203.lob
query_set1.365.lob
query_set1.1185.lob
query_set1.2806.lob
query_set1.4859.lob
query_set1.256.lob
query_set1.808.lob
query_set1.4517.lob
query_set1.521.lob
query_set1.5459.lob
query_set1.5406.lob
query_set1.4717.lob
query_set1.4768.lob
query_set1.2386.lob
query_set1.5998.lob
query_set1.5293.lob
query_set1.4657.lob
query_set1.2830.lob
query_set1.1942.lob
query_set1.3695.lob
query_set1.6149.lob
query_set1.1542.lob
query_set1.4638.lob
query_set1.4591.lob
query_set1.2502.lob
query_set1.909.lob
query_set1.2722.lob
query_set1.4718.lob
query_set1.3505.lob
query_set1.405.lob
query_set1.6144.lob
query_set1.6062.lob
query_set1.4699.lob
query_set1.2182.lob
query_set1.4358.lob
query_set1.6028.lob
query_set1.5787.lob
query_set1.877.lob
query_set1.1802.lob
query_set1.513.lob
query_set1.2595.lob
query_set1.2553.lob
query_set1.2866.lob
query_set1.6114.lob
query_set1.2815.lob
query_set1.2545.lob
query_set1.4459.lob
query_set1.4174.lob
query_set1.6117.lob
query_set1.022.lob
query_set1.2219.lob
query_set1.4698.lob
query_set1.916.lob
query_set1.4334.lob
query_set1.5879.lob
query_set1.3641.lob
query_set1.2651.lob
query_set1.918.lob
query_set1.1540.lob
query_set1.2690.lob
query_set1.2802.lob
query_set1.5524.lob
query_set1.3296.lob
query_set1.3571.lob
query_set1.5487.lob
query_set1.1533.lob
query_set1.3870.lob
query_set1.1303.lob
query_set1.4449.lob
query_set1.5128.lob
query_set1.2538.lob
query_set1.4926.lob
query_set1.1940.lob
query_set1.3831.lob
query_set1.4190.lob
query_set1.2113.lob
query_set1.6042.lob
query_set1.343.lob
query_set1.1475.lob
query_set1.5579.lob
query_set1.771.lob
query_set1.3201.lob
query_set1.2895.lob
query_set1.1806.lob
query_set1.2541.lob
query_set1.5319.lob
query_set1.3107.lob
query_set1.1527.lob
query_set1.1449.lob
query_set1.3556.lob
query_set1.4096.lob
query_set1.397.lob
query_set1.2033.lob
query_set1.754.lob
query_set1.2632.lob
query_set1.5279.lob
query_set1.3682.lob
query_set1.4522.lob
query_set1.5343.lob
query_set1.1324.lob
query_set1.2393.lob
query_set1.6160.lob
query_set1.416.lob
query_set1.1993.lob
query_set1.4826.lob
query_set1.4116.lob
query_set1.2017.lob
query_set1.287.lob
query_set1.1275.lob
query_set1.6212.lob
query_set1.4773.lob
query_set1.1980.lob
query_set1.4072.lob
query_set1.3359.lob
query_set1.4592.lob
query_set1.2230.lob
query_set1.5110.lob
query_set1.4279.lob
query_set1.309.lob
query_set1.2709.lob
query_set1.4471.lob
query_set1.1813.lob
query_set1.805.lob
query_set1.2240.lob
query_set1.1276.lob
query_set1.890.lob
query_set1.5105.lob
query_set1.1985.lob
query_set1.2648.lob
query_set1.3569.lob
query_set1.6209.lob
query_set1.2049.lob
query_set1.1272.lob
query_set1.5602.lob
query_set1.5098.lob
query_set1.516.lob
query_set1.235.lob
query_set1.680.lob
query_set1.2084.lob
query_set1.1986.lob
query_set1.3891.lob
query_set1.2857.lob
query_set1.3132.lob
query_set1.2032.lob
query_set1.3676.lob
query_set1.269.lob
query_set1.2836.lob
query_set1.4443.lob
query_set1.3841.lob
query_set1.1402.lob
query_set1.2480.lob
query_set1.3497.lob
query_set1.5322.lob
query_set1.515.lob
query_set1.6223.lob
query_set1.2290.lob
query_set1.2344.lob
query_set1.2920.lob
query_set1.4087.lob
query_set1.4944.lob
query_set1.3661.lob
query_set1.4395.lob
query_set1.1754.lob
query_set1.2684.lob
query_set1.3772.lob
query_set1.3871.lob
query_set1.5988.lob
query_set1.2720.lob
query_set1.1274.lob
query_set1.4218.lob
query_set1.4097.lob
query_set1.774.lob
query_set1.2291.lob
query_set1.4497.lob
query_set1.3265.lob
query_set1.3884.lob
query_set1.683.lob
query_set1.2696.lob
query_set1.311.lob
query_set1.715.lob
query_set1.2642.lob
query_set1.3428.lob
query_set1.3183.lob
query_set1.2337.lob
query_set1.4531.lob
query_set1.2592.lob
query_set1.4199.lob
query_set1.3654.lob
query_set1.4864.lob
query_set1.477.lob
query_set1.6102.lob
query_set1.327.lob
query_set1.862.lob
query_set1.2571.lob
query_set1.2239.lob
query_set1.967.lob
query_set1.553.lob
query_set1.2438.lob
query_set1.4135.lob
query_set1.5120.lob
query_set1.3652.lob
query_set1.3732.lob
query_set1.5198.lob
query_set1.4439.lob
query_set1.6079.lob
query_set1.648.lob
query_set1.5222.lob
query_set1.4955.lob
query_set1.5958.lob
query_set1.465.lob
query_set1.2721.lob
query_set1.3284.lob
query_set1.5977.lob
query_set1.2176.lob
query_set1.2619.lob
query_set1.2413.lob
query_set1.3773.lob
query_set1.1299.lob
query_set1.4475.lob
query_set1.265.lob
query_set1.3791.lob
query_set1.4159.lob
query_set1.2054.lob
query_set1.4739.lob
query_set1.3206.lob
query_set1.2845.lob
query_set1.809.lob
query_set1.4470.lob
query_set1.2639.lob
query_set1.6225.lob
query_set1.4430.lob
query_set1.4196.lob
query_set1.2231.lob
query_set1.021.lob
query_set1.798.lob
query_set1.772.lob
query_set1.5710.lob
query_set1.4467.lob
query_set1.3754.lob
query_set1.1277.lob
query_set1.2789.lob
query_set1.3015.lob
query_set1.2878.lob
query_set1.3823.lob
query_set1.4131.lob
query_set1.3705.lob
query_set1.400.lob
query_set1.3588.lob
query_set1.5077.lob
query_set1.654.lob
query_set1.4692.lob
query_set1.244.lob
query_set1.6022.lob
query_set1.2180.lob
query_set1.4140.lob
query_set1.285.lob
query_set1.2122.lob
query_set1.4779.lob
query_set1.6180.lob
query_set1.2177.lob
query_set1.4383.lob
query_set1.2695.lob
query_set1.2275.lob
query_set1.2661.lob
query_set1.1755.lob
query_set1.4226.lob
query_set1.831.lob
query_set1.3435.lob
query_set1.215.lob
query_set1.3572.lob
query_set1.1329.lob
query_set1.2910.lob
query_set1.3818.lob
query_set1.3644.lob
query_set1.4280.lob
query_set1.257.lob
query_set1.3839.lob
query_set1.4197.lob
query_set1.3648.lob
query_set1.5377.lob
query_set1.6018.lob
query_set1.503.lob
query_set1.4494.lob
query_set1.1537.lob
query_set1.1206.lob
query_set1.5503.lob
query_set1.1307.lob
query_set1.6052.lob
query_set1.3209.lob
query_set1.4362.lob
query_set1.623.lob
query_set1.4876.lob
query_set1.5717.lob
query_set1.3133.lob
query_set1.2301.lob
query_set1.5470.lob
query_set1.870.lob
query_set1.3320.lob
query_set1.6009.lob
query_set1.5943.lob
query_set1.2102.lob
query_set1.4534.lob
query_set1.4248.lob
query_set1.2014.lob
query_set1.3109.lob
query_set1.1309.lob
query_set1.1283.lob
query_set1.086.lob
query_set1.2039.lob
query_set1.3582.lob
query_set1.3634.lob
query_set1.4095.lob
query_set1.5675.lob
query_set1.1332.lob
query_set1.3464.lob
query_set1.073.lob
query_set1.4247.lob
query_set1.5334.lob
query_set1.2090.lob
query_set1.2347.lob
query_set1.3515.lob
query_set1.4822.lob
query_set1.3227.lob
query_set1.2902.lob
query_set1.1343.lob
query_set1.760.lob
query_set1.3110.lob
query_set1.2649.lob
query_set1.2569.lob
query_set1.2172.lob
query_set1.4461.lob
query_set1.2745.lob
query_set1.1752.lob
query_set1.5770.lob
query_set1.2597.lob
query_set1.4736.lob
query_set1.5331.lob
query_set1.4418.lob
query_set1.2249.lob
query_set1.2473.lob
query_set1.1500.lob
query_set1.4370.lob
query_set1.5118.lob
query_set1.619.lob
query_set1.2755.lob
query_set1.5363.lob
query_set1.3674.lob
query_set1.4929.lob
query_set1.1259.lob
query_set1.764.lob
query_set1.5321.lob
query_set1.4733.lob
query_set1.1964.lob
query_set1.4831.lob
query_set1.4253.lob
query_set1.3156.lob
query_set1.3392.lob
query_set1.3019.lob
query_set1.3172.lob
query_set1.2265.lob
query_set1.5111.lob
query_set1.4364.lob
query_set1.1757.lob
query_set1.3260.lob
query_set1.3402.lob
query_set1.4448.lob
query_set1.4359.lob
query_set1.1263.lob
query_set1.3357.lob
query_set1.2352.lob
query_set1.2691.lob
query_set1.4762.lob
query_set1.3363.lob
query_set1.2578.lob
query_set1.2708.lob
query_set1.4192.lob
query_set1.2976.lob
query_set1.4440.lob
query_set1.4074.lob
query_set1.5997.lob
query_set1.111.lob
query_set1.2440.lob
query_set1.3660.lob
query_set1.5989.lob
query_set1.2272.lob
query_set1.2662.lob
query_set1.1273.lob
query_set1.5447.lob
query_set1.2655.lob
query_set1.2810.lob
query_set1.6150.lob
query_set1.829.lob
query_set1.4354.lob
query_set1.884.lob
query_set1.5246.lob
query_set1.5291.lob
query_set1.3865.lob
query_set1.3498.lob
query_set1.3716.lob
query_set1.4281.lob
query_set1.321.lob
query_set1.4479.lob
query_set1.5006.lob
query_set1.466.lob
query_set1.1486.lob
query_set1.3615.lob
query_set1.2840.lob
query_set1.4085.lob
query_set1.459.lob
query_set1.344.lob
query_set1.266.lob
query_set1.1251.lob
query_set1.2246.lob
query_set1.4934.lob
query_set1.2420.lob
query_set1.5995.lob
query_set1.4127.lob
query_set1.3146.lob
query_set1.6171.lob
query_set1.4468.lob
query_set1.3481.lob
query_set1.3810.lob
query_set1.5544.lob
query_set1.2183.lob
query_set1.5547.lob
query_set1.1346.lob
query_set1.5601.lob
query_set1.2579.lob
query_set1.1266.lob
query_set1.5662.lob
query_set1.398.lob
query_set1.2481.lob
query_set1.1285.lob
query_set1.2303.lob
query_set1.1280.lob
query_set1.3826.lob
query_set1.3135.lob
query_set1.4690.lob
query_set1.6035.lob
query_set1.5282.lob
query_set1.070.lob
query_set1.6000.lob
query_set1.2644.lob
query_set1.3794.lob
query_set1.2693.lob
query_set1.5362.lob
query_set1.5315.lob
query_set1.2237.lob
query_set1.2646.lob
query_set1.5580.lob
query_set1.4828.lob
query_set1.5127.lob
query_set1.3834.lob
query_set1.2379.lob
query_set1.433.lob
query_set1.939.lob
query_set1.5824.lob
query_set1.342.lob
query_set1.2287.lob
query_set1.942.lob
query_set1.5641.lob
query_set1.4412.lob
query_set1.3855.lob
query_set1.2190.lob
query_set1.4091.lob
query_set1.5891.lob
query_set1.4173.lob
query_set1.5499.lob
query_set1.4805.lob
query_set1.4110.lob
query_set1.4345.lob
query_set1.3614.lob
query_set1.4410.lob
query_set1.2860.lob
query_set1.605.lob
query_set1.524.lob
query_set1.3651.lob
query_set1.3519.lob
query_set1.5741.lob
query_set1.4941.lob
query_set1.4808.lob
query_set1.2707.lob
query_set1.2978.lob
query_set1.351.lob
query_set1.1995.lob
query_set1.2314.lob
query_set1.3629.lob
query_set1.3748.lob
query_set1.4513.lob
query_set1.3210.lob
query_set1.6230.lob
query_set1.4813.lob
query_set1.956.lob
query_set1.2292.lob
query_set1.4225.lob
query_set1.3114.lob
query_set1.097.lob
query_set1.4106.lob
query_set1.1435.lob
query_set1.6164.lob
query_set1.3720.lob
query_set1.2063.lob
query_set1.223.lob
query_set1.6058.lob
query_set1.5349.lob
query_set1.474.lob
query_set1.3394.lob
query_set1.937.lob
query_set1.2309.lob
query_set1.955.lob
query_set1.061.lob
query_set1.5465.lob
query_set1.2731.lob
query_set1.2529.lob
query_set1.3872.lob
query_set1.4524.lob
query_set1.4219.lob
query_set1.2120.lob
query_set1.1252.lob
query_set1.646.lob
query_set1.5633.lob
query_set1.741.lob
query_set1.2859.lob
query_set1.2186.lob
query_set1.2932.lob
query_set1.720.lob
query_set1.3274.lob
query_set1.5268.lob
query_set1.5712.lob
query_set1.5216.lob
query_set1.1967.lob
query_set1.2793.lob
query_set1.3195.lob
query_set1.5213.lob
query_set1.054.lob
query_set1.5435.lob
query_set1.5479.lob
query_set1.4338.lob
query_set1.6139.lob
query_set1.5367.lob
query_set1.239.lob
query_set1.4188.lob
query_set1.1374.lob
query_set1.1771.lob
query_set1.4341.lob
query_set1.2196.lob
query_set1.2341.lob
query_set1.923.lob
query_set1.1516.lob
query_set1.2555.lob
query_set1.4939.lob
query_set1.4913.lob
query_set1.6158.lob
query_set1.5751.lob
query_set1.836.lob
query_set1.6051.lob
query_set1.4646.lob
query_set1.906.lob
query_set1.5847.lob
query_set1.126.lob
query_set1.353.lob
query_set1.868.lob
query_set1.5330.lob
query_set1.3239.lob
query_set1.3427.lob
query_set1.250.lob
query_set1.3200.lob
query_set1.3635.lob
query_set1.4394.lob
query_set1.5644.lob
query_set1.969.lob
query_set1.5985.lob
query_set1.2046.lob
query_set1.3188.lob
query_set1.2650.lob
query_set1.5489.lob
query_set1.1335.lob
query_set1.6080.lob
query_set1.734.lob
query_set1.4371.lob
query_set1.676.lob
query_set1.5978.lob
query_set1.5629.lob
query_set1.4084.lob
query_set1.570.lob
query_set1.844.lob
query_set1.2673.lob
query_set1.5448.lob
query_set1.1345.lob
query_set1.1991.lob
query_set1.3798.lob
query_set1.5307.lob
query_set1.716.lob
query_set1.300.lob
query_set1.5460.lob
query_set1.1371.lob
query_set1.5501.lob
query_set1.5208.lob
query_set1.628.lob
query_set1.5113.lob
query_set1.3686.lob
query_set1.2439.lob
query_set1.4477.lob
query_set1.3803.lob
query_set1.5903.lob
query_set1.4927.lob
query_set1.2419.lob
query_set1.1369.lob
query_set1.3766.lob
query_set1.2338.lob
query_set1.3237.lob
query_set1.395.lob
query_set1.078.lob
query_set1.273.lob
query_set1.2149.lob
query_set1.2211.lob
query_set1.2766.lob
query_set1.2057.lob
query_set1.272.lob
query_set1.3623.lob
query_set1.4413.lob
query_set1.5469.lob
query_set1.5888.lob
query_set1.4180.lob
query_set1.3860.lob
query_set1.2299.lob
query_set1.4601.lob
query_set1.604.lob
query_set1.2858.lob
query_set1.3708.lob
query_set1.4102.lob
query_set1.6072.lob
query_set1.5325.lob
query_set1.5553.lob
query_set1.3587.lob
query_set1.5373.lob
query_set1.5385.lob
query_set1.3171.lob
query_set1.4149.lob
query_set1.392.lob
query_set1.4191.lob
query_set1.3020.lob
query_set1.866.lob
query_set1.3123.lob
query_set1.6148.lob
query_set1.5645.lob
query_set1.2013.lob
query_set1.2876.lob
query_set1.2547.lob
query_set1.6181.lob
query_set1.482.lob
query_set1.2754.lob
query_set1.3495.lob
query_set1.4767.lob
query_set1.306.lob
query_set1.4390.lob
query_set1.557.lob
query_set1.773.lob
query_set1.5825.lob
query_set1.5789.lob
query_set1.4835.lob
query_set1.5921.lob
query_set1.5357.lob
query_set1.3815.lob
query_set1.394.lob
query_set1.5308.lob
query_set1.2744.lob
query_set1.1543.lob
query_set1.4361.lob
query_set1.988.lob
query_set1.3235.lob
query_set1.5626.lob
query_set1.3286.lob
query_set1.5483.lob
query_set1.6115.lob
query_set1.6031.lob
query_set1.3322.lob
sql1
query_set1.3848.lob
query_set1.5646.lob
query_set1.295.lob
query_set1.5650.lob
query_set1.4845.lob
query_set1.333.lob
query_set1.4890.lob
query_set1.3422.lob
query_set1.2259.lob
query_set1.5840.lob
query_set1.1812.lob
query_set1.3610.lob
query_set1.3405.lob
query_set1.4186.lob
query_set1.3683.lob
query_set1.4596.lob
query_set1.302.lob
query_set1.6208.lob
query_set1.736.lob
query_set1.3371.lob
query_set1.3473.lob
query_set1.3511.lob
query_set1.4105.lob
query_set1.5744.lob
query_set1.5597.lob
query_set1.747.lob
query_set1.4170.lob
query_set1.2432.lob
query_set1.3409.lob
query_set1.950.lob
query_set1.5775.lob
query_set1.4426.lob
query_set1.6106.lob
query_set1.246.lob
query_set1.3681.lob
query_set1.2752.lob
query_set1.3784.lob
query_set1.1361.lob
query_set1.3689.lob
query_set1.1784.lob
query_set1.1236.lob
query_set1.5639.lob
query_set1.6013.lob
query_set1.1810.lob
query_set1.3593.lob
query_set1.703.lob
query_set1.2681.lob
query_set1.2674.lob
query_set1.4073.lob
query_set1.891.lob
query_set1.051.lob
query_set1.4883.lob
query_set1.6085.lob
query_set1.3400.lob
query_set1.1334.lob
query_set1.3759.lob
query_set1.332.lob
query_set1.4355.lob
query_set1.5658.lob
query_set1.3837.lob
query_set1.6053.lob
query_set1.5763.lob
query_set1.3552.lob
query_set1.910.lob
query_set1.2724.lob
query_set1.2457.lob
query_set1.2427.lob
query_set1.2353.lob
query_set1.3017.lob
query_set1.2844.lob
query_set1.2936.lob
query_set1.4738.lob
query_set1.1319.lob
query_set1.1489.lob
query_set1.3356.lob
query_set1.4821.lob
query_set1.3637.lob
query_set1.282.lob
query_set1.3429.lob
query_set1.2531.lob
query_set1.3461.lob
query_set1.1267.lob
query_set1.377.lob
query_set1.427.lob
query_set1.2152.lob
query_set1.352.lob
query_set1.3493.lob
query_set1.2016.lob
query_set1.3653.lob
query_set1.6078.lob
query_set1.6005.lob
query_set1.6116.lob
query_set1.6175.lob
query_set1.3645.lob
query_set1.3712.lob
query_set1.467.lob
query_set1.3407.lob
query_set1.652.lob
query_set1.401.lob
query_set1.5372.lob
query_set1.2527.lob
query_set1.5317.lob
query_set1.6142.lob
query_set1.3769.lob
query_set1.3221.lob
query_set1.356.lob
query_set1.954.lob
query_set1.5359.lob
query_set1.2217.lob
query_set1.2493.lob
query_set1.3168.lob
query_set1.3821.lob
query_set1.3311.lob
query_set1.1284.lob
query_set1.6029.lob
query_set1.5340.lob
query_set1.2950.lob
query_set1.4844.lob
query_set1.2867.lob
query_set1.3619.lob
query_set1.6039.lob
query_set1.5803.lob
query_set1.4732.lob
query_set1.3690.lob
query_set1.6010.lob
query_set1.880.lob
query_set1.2335.lob
query_set1.3989.lob
query_set1.5233.lob
query_set1.5652.lob
query_set1.968.lob
query_set1.2715.lob
query_set1.3256.lob
query_set1.5209.lob
query_set1.3517.lob
query_set1.3264.lob
query_set1.2652.lob
query_set1.3386.lob
query_set1.1552.lob
query_set1.1301.lob
query_set1.5643.lob
query_set1.3262.lob
query_set1.2626.lob
query_set1.6173.lob
query_set1.3403.lob
query_set1.990.lob
query_set1.907.lob
query_set1.3868.lob
query_set1.5550.lob
query_set1.2839.lob
query_set1.2657.lob
query_set1.4889.lob
query_set1.4158.lob
query_set1.3218.lob
query_set1.6169.lob
query_set1.5957.lob
query_set1.2010.lob
query_set1.717.lob
query_set1.3446.lob
query_set1.3657.lob
query_set1.2355.lob
query_set1.4863.lob
query_set1.1316.lob
query_set1.700.lob
query_set1.210.lob
query_set1.2530.lob
query_set1.218.lob
query_set1.2586.lob
query_set1.3799.lob
query_set1.5971.lob
query_set1.2109.lob
query_set1.2934.lob
query_set1.2356.lob
query_set1.453.lob
query_set1.997.lob
query_set1.2558.lob
query_set1.2019.lob
query_set1.1756.lob
query_set1.3909.lob
query_set1.2822.lob
query_set1.4951.lob
query_set1.2933.lob
query_set1.030.lob
query_set1.3741.lob
query_set1.5706.lob
query_set1.3112.lob
query_set1.1992.lob
query_set1.5980.lob
query_set1.3513.lob
query_set1.2570.lob
query_set1.780.lob
query_set1.2175.lob
query_set1.3492.lob
query_set1.5493.lob
query_set1.5277.lob
query_set1.313.lob
query_set1.762.lob
query_set1.5258.lob
query_set1.5496.lob
query_set1.380.lob
query_set1.3514.lob
query_set1.3483.lob
query_set1.5953.lob
query_set1.3620.lob
query_set1.338.lob
query_set1.833.lob
query_set1.2935.lob
query_set1.4133.lob
query_set1.5212.lob
query_set1.3160.lob
query_set1.4204.lob
query_set1.3665.lob
query_set1.1408.lob
query_set1.2600.lob
query_set1.5375.lob
query_set1.2478.lob
query_set1.2638.lob
query_set1.4519.lob
query_set1.3111.lob
query_set1.958.lob
query_set1.4453.lob
query_set1.3137.lob
query_set1.3978.lob
query_set1.3128.lob
query_set1.4603.lob
query_set1.2452.lob
query_set1.6087.lob
query_set1.610.lob
query_set1.4853.lob
query_set1.2389.lob
query_set1.6167.lob
query_set1.5945.lob
query_set1.6137.lob
query_set1.4098.lob
query_set1.2550.lob
query_set1.5885.lob
query_set1.4444.lob
query_set1.4870.lob
query_set1.1238.lob
query_set1.006.lob
query_set1.4350.lob
query_set1.5778.lob
query_set1.1398.lob
query_set1.5538.lob
query_set1.568.lob
query_set1.2364.lob
query_set1.6214.lob
query_set1.2852.lob
query_set1.213.lob
query_set1.5358.lob
query_set1.791.lob
query_set1.2075.lob
query_set1.767.lob
query_set1.5841.lob
query_set1.4481.lob
query_set1.705.lob
query_set1.4092.lob
query_set1.4366.lob
query_set1.1260.lob
query_set1.1271.lob
query_set1.971.lob
query_set1.4447.lob
query_set1.2118.lob
query_set1.4799.lob
query_set1.2383.lob
query_set1.4802.lob
query_set1.2521.lob
query_set1.6019.lob
query_set1.2739.lob
query_set1.307.lob
query_set1.3820.lob
query_set1.5649.lob
query_set1.684.lob
query_set1.921.lob
query_set1.487.lob
query_set1.5109.lob
query_set1.3888.lob
query_set1.4910.lob
query_set1.941.lob
query_set1.2882.lob
query_set1.1536.lob
query_set1.1077.lob
query_set1.4464.lob
query_set1.4331.lob
query_set1.4512.lob
query_set1.6176.lob
query_set1.840.lob
query_set1.4807.lob
query_set1.2191.lob
query_set1.5812.lob
query_set1.4811.lob
query_set1.3295.lob
query_set1.4490.lob
query_set1.1262.lob
query_set1.2756.lob
query_set1.3932.lob
query_set1.1373.lob
query_set1.775.lob
query_set1.5215.lob
query_set1.056.lob
query_set1.3387.lob
query_set1.1442.lob
query_set1.1465.lob
query_set1.1962.lob
query_set1.3725.lob
query_set1.2058.lob
query_set1.2403.lob
query_set1.5735.lob
query_set1.6032.lob
query_set1.120.lob
query_set1.4702.lob
query_set1.248.lob
query_set1.876.lob
query_set1.2274.lob
query_set1.297.lob
query_set1.3489.lob
query_set1.4902.lob
query_set1.6034.lob
query_set1.3603.lob
query_set1.3184.lob
query_set1.2761.lob
query_set1.3696.lob
query_set1.5099.lob
query_set1.4957.lob
query_set1.800.lob
query_set1.5983.lob
query_set1.2543.lob
query_set1.5511.lob
query_set1.1994.lob
query_set1.4428.lob
query_set1.886.lob
query_set1.4396.lob
query_set1.2371.lob
query_set1.4842.lob
query_set1.5829.lob
query_set1.3672.lob
query_set1.4945.lob
query_set1.2523.lob
query_set1.519.lob
query_set1.919.lob
query_set1.3406.lob
query_set1.3229.lob
query_set1.2117.lob
query_set1.2803.lob
query_set1.4908.lob
query_set1.3430.lob
query_set1.2828.lob
query_set1.404.lob
query_set1.6123.lob
query_set1.2467.lob
query_set1.3852.lob
query_set1.3800.lob
query_set1.3824.lob
query_set1.1438.lob
query_set1.1336.lob
query_set1.2788.lob
query_set1.6226.lob
query_set1.757.lob
query_set1.2926.lob
query_set1.607.lob
query_set1.718.lob
query_set1.2596.lob
query_set1.4489.lob
query_set1.2445.lob
query_set1.2358.lob
query_set1.3639.lob
query_set1.067.lob
query_set1.4947.lob
query_set1.2174.lob
query_set1.4153.lob
query_set1.5440.lob
query_set1.3439.lob
query_set1.1494.lob
query_set1.1358.lob
query_set1.998.lob
query_set1.1483.lob
query_set1.563.lob
query_set1.5289.lob
query_set1.4959.lob
query_set1.2366.lob
query_set1.6021.lob
query_set1.5897.lob
query_set1.2257.lob
query_set1.4071.lob
query_set1.6090.lob
query_set1.2996.lob
query_set1.5802.lob
query_set1.4882.lob
query_set1.6157.lob
query_set1.5231.lob
query_set1.6141.lob
query_set1.634.lob
query_set1.3793.lob
query_set1.2576.lob
query_set1.2551.lob
query_set1.5123.lob
query_set1.2791.lob
query_set1.059.lob
query_set1.4649.lob
query_set1.4164.lob
query_set1.5328.lob
query_set1.4953.lob
query_set1.1479.lob
query_set1.015.lob
query_set1.469.lob
query_set1.558.lob
query_set1.3321.lob
query_set1.1421.lob
query_set1.3893.lob
query_set1.2346.lob
query_set1.4417.lob
query_set1.1503.lob
query_set1.2526.lob
query_set1.5676.lob
query_set1.5583.lob
query_set1.4476.lob
query_set1.5748.lob
query_set1.506.lob
query_set1.6003.lob
query_set1.4938.lob
query_set1.2288.lob
query_set1.3703.lob
query_set1.3768.lob
query_set1.5054.lob
query_set1.3580.lob
query_set1.4435.lob
query_set1.135.lob
query_set1.5620.lob
query_set1.5453.lob
query_set1.5892.lob
query_set1.2166.lob
query_set1.3362.lob
query_set1.2360.lob
query_set1.2261.lob
query_set1.5780.lob
query_set1.2028.lob
query_set1.3358.lob
query_set1.4745.lob
query_set1.2765.lob
query_set1.2269.lob
query_set1.611.lob
query_set1.2582.lob
query_set1.2255.lob
query_set1.1364.lob
query_set1.087.lob
query_set1.3268.lob
query_set1.4213.lob
query_set1.5992.lob
query_set1.1764.lob
query_set1.3255.lob
query_set1.2677.lob
query_set1.3253.lob
query_set1.3544.lob
query_set1.2486.lob
query_set1.4997.lob
query_set1.3700.lob
query_set1.1393.lob
query_set1.4340.lob
query_set1.4250.lob
query_set1.5080.lob
query_set1.972.lob
query_set1.4160.lob
query_set1.5449.lob
query_set1.2041.lob
query_set1.2633.lob
query_set1.5210.lob
query_set1.261.lob
query_set1.3251.lob
query_set1.1305.lob
query_set1.4089.lob
query_set1.837.lob
query_set1.6008.lob
query_set1.3578.lob
query_set1.5220.lob
query_set1.4254.lob
query_set1.4714.lob
query_set1.3470.lob
query_set1.245.lob
query_set1.4602.lob
query_set1.2392.lob
query_set1.5224.lob
query_set1.3248.lob
query_set1.5774.lob
query_set1.2599.lob
query_set1.5444.lob
query_set1.2099.lob
query_set1.5104.lob
query_set1.3709.lob
query_set1.3297.lob
query_set1.378.lob
query_set1.2495.lob
query_set1.3602.lob
query_set1.892.lob
query_set1.973.lob
query_set1.562.lob
query_set1.3618.lob
query_set1.2155.lob
query_set1.1222.lob
query_set1.1789.lob
query_set1.304.lob
query_set1.3668.lob
query_set1.017.lob
query_set1.3288.lob
query_set1.3280.lob
query_set1.6045.lob
query_set1.3607.lob
query_set1.367.lob
query_set1.5286.lob
query_set1.2129.lob
query_set1.2734.lob
query_set1.396.lob
query_set1.5757.lob
query_set1.4814.lob
query_set1.3811.lob
query_set1.366.lob
query_set1.3890.lob
query_set1.2244.lob
query_set1.4137.lob
query_set1.4393.lob
query_set1.2891.lob
query_set1.3129.lob
query_set1.2097.lob
query_set1.2835.lob
query_set1.4776.lob
query_set1.2048.lob
query_set1.5301.lob
query_set1.3779.lob
query_set1.3770.lob
query_set1.3354.lob
query_set1.5603.lob
query_set1.5085.lob
query_set1.2226.lob
query_set1.569.lob
query_set1.4498.lob
query_set1.6174.lob
query_set1.1295.lob
query_set1.2031.lob
query_set1.3632.lob
query_set1.314.lob
query_set1.5241.lob
query_set1.4147.lob
query_set1.5610.lob
query_set1.2020.lob
query_set1.3376.lob
query_set1.5288.lob
query_set1.5541.lob
query_set1.3202.lob
query_set1.3880.lob
query_set1.2159.lob
query_set1.5271.lob
query_set1.2490.lob
query_set1.4839.lob
query_set1.4737.lob
query_set1.3557.lob
query_set1.4397.lob
query_set1.5294.lob
query_set1.2359.lob
query_set1.1419.lob
query_set1.5070.lob
query_set1.4210.lob
query_set1.6112.lob
query_set1.2108.lob
query_set1.4463.lob
query_set1.2114.lob
query_set1.2505.lob
query_set1.6048.lob
query_set1.4904.lob
query_set1.1946.lob
query_set1.3730.lob
query_set1.695.lob
query_set1.4208.lob
query_set1.5505.lob
query_set1.3677.lob
query_set1.4442.lob
query_set1.2068.lob
query_set1.3118.lob
query_set1.1514.lob
query_set1.6088.lob
query_set1.6007.lob
query_set1.209.lob
query_set1.2566.lob
query_set1.6121.lob
query_set1.133.lob
query_set1.2463.lob
query_set1.4069.lob
query_set1.3208.lob
query_set1.6161.lob
query_set1.1803.lob
query_set1.1472.lob
query_set1.1430.lob
query_set1.293.lob
query_set1.4458.lob
query_set1.4744.lob
query_set1.249.lob
query_set1.552.lob
query_set1.3776.lob
query_set1.4282.lob
query_set1.3822.lob
query_set1.893.lob
query_set1.5832.lob
query_set1.5618.lob
query_set1.2082.lob
query_set1.5228.lob
query_set1.6037.lob
query_set1.5304.lob
query_set1.1811.lob
query_set1.881.lob
query_set1.3675.lob
query_set1.694.lob
query_set1.609.lob
query_set1.2357.lob
query_set1.2455.lob
query_set1.4432.lob
query_set1.6129.lob
query_set1.4125.lob
query_set1.3929.lob
query_set1.618.lob
query_set1.4215.lob
query_set1.1804.lob
query_set1.2781.lob
query_set1.879.lob
query_set1.4154.lob
query_set1.3304.lob
query_set1.4130.lob
query_set1.4906.lob
query_set1.3601.lob
query_set1.977.lob
query_set1.6113.lob
query_set1.5238.lob
query_set1.5248.lob
query_set1.382.lob
query_set1.4070.lob
query_set1.2808.lob
query_set1.4107.lob
query_set1.750.lob
query_set1.3101.lob
query_set1.649.lob
query_set1.5276.lob
query_set1.5804.lob
query_set1.2625.lob
query_set1.3474.lob
query_set1.5454.lob
query_set1.981.lob
query_set1.3309.lob
query_set1.2829.lob
query_set1.2698.lob
query_set1.2601.lob
query_set1.1327.lob
query_set1.1524.lob
query_set1.6119.lob
query_set1.763.lob
query_set1.5124.lob
query_set1.2198.lob
query_set1.1207.lob
query_set1.3930.lob
query_set1.2491.lob
query_set1.2568.lob
query_set1.2790.lob
query_set1.3717.lob
query_set1.6134.lob
query_set1.6198.lob
query_set1.1411.lob
query_set1.229.lob
query_set1.2805.lob
query_set1.5442.lob
query_set1.5782.lob
query_set1.4743.lob
query_set1.5731.lob
query_set1.3887.lob
query_set1.577.lob
query_set1.5869.lob
query_set1.2718.lob
query_set1.4099.lob
query_set1.047.lob
query_set1.3613.lob
query_set1.098.lob
query_set1.4145.lob
query_set1.1254.lob
query_set1.6213.lob
query_set1.963.lob
query_set1.2743.lob
query_set1.4954.lob
query_set1.3165.lob
query_set1.1240.lob
query_set1.2784.lob
query_set1.5243.lob
query_set1.1308.lob
query_set1.045.lob
query_set1.1468.lob
query_set1.2918.lob
query_set1.2325.lob
query_set1.1444.lob
query_set1.240.lob
query_set1.1434.lob
query_set1.1337.lob
query_set1.4342.lob
query_set1.4761.lob
query_set1.284.lob
query_set1.271.lob
query_set1.132.lob
query_set1.3254.lob
query_set1.631.lob
query_set1.5332.lob
query_set1.494.lob
query_set1.1982.lob
query_set1.4810.lob
query_set1.2025.lob
query_set1.1310.lob
query_set1.3075.lob
query_set1.4994.lob
query_set1.2842.lob
query_set1.232.lob
query_set1.4695.lob
query_set1.1783.lob
query_set1.3530.lob
query_set1.220.lob
query_set1.1368.lob
query_set1.2224.lob
query_set1.2282.lob
query_set1.3269.lob
query_set1.6165.lob
query_set1.4857.lob
query_set1.6232.lob
query_set1.3105.lob
query_set1.2643.lob
query_set1.4750.lob
query_set1.2363.lob
query_set1.5901.lob
query_set1.462.lob
query_set1.2078.lob
query_set1.2466.lob
query_set1.2453.lob
query_set1.2446.lob
query_set1.953.lob
query_set1.3279.lob
query_set1.5355.lob
query_set1.003.lob
query_set1.460.lob
query_set1.4495.lob
query_set1.3022.lob
query_set1.2778.lob
query_set1.2037.lob
query_set1.3228.lob
query_set1.5225.lob
query_set1.5743.lob
query_set1.358.lob
query_set1.4122.lob
query_set1.3863.lob
query_set1.875.lob
query_set1.057.lob
query_set1.778.lob
query_set1.795.lob
query_set1.2785.lob
query_set1.4588.lob
query_set1.4511.lob
query_set1.4501.lob
query_set1.4652.lob
query_set1.3115.lob
query_set1.2834.lob
query_set1.6099.lob
query_set1.2267.lob
query_set1.1498.lob
query_set1.4387.lob
query_set1.2469.lob
query_set1.5484.lob
query_set1.379.lob
query_set1.4148.lob
query_set1.1320.lob
query_set1.843.lob
query_set1.4796.lob
query_set1.1458.lob
query_set1.5368.lob
query_set1.4491.lob
query_set1.678.lob
query_set1.2623.lob
query_set1.894.lob
query_set1.4747.lob
query_set1.3878.lob
query_set1.3120.lob
query_set1.4478.lob
query_set1.5947.lob
query_set1.1941.lob
query_set1.4335.lob
query_set1.2969.lob
query_set1.1437.lob
query_set1.5257.lob
query_set1.677.lob
query_set1.2449.lob
query_set1.5463.lob
query_set1.4510.lob
query_set1.5929.lob
query_set1.6024.lob
query_set1.3294.lob
query_set1.1340.lob
query_set1.222.lob
query_set1.1459.lob
query_set1.138.lob
query_set1.3273.lob
query_set1.3851.lob
query_set1.4114.lob
query_set1.5834.lob
query_set1.3796.lob
query_set1.989.lob
query_set1.999.lob
query_set1.4824.lob
query_set1.3719.lob
query_set1.873.lob
query_set1.6093.lob
query_set1.5786.lob
query_set1.804.lob
query_set1.3097.lob
query_set1.3788.lob
query_set1.5437.lob
query_set1.5616.lob
query_set1.2747.lob
query_set1.2509.lob
query_set1.107.lob
query_set1.4360.lob
query_set1.5902.lob
query_set1.803.lob
query_set1.3931.lob
query_set1.1302.lob
query_set1.1414.lob
query_set1.3477.lob
query_set1.2173.lob
query_set1.5096.lob
query_set1.5311.lob
query_set1.4346.lob
query_set1.4212.lob
query_set1.3862.lob
query_set1.5517.lob
query_set1.3838.lob
query_set1.706.lob
query_set1.2390.lob
query_set1.1795.lob
query_set1.1547.lob
query_set1.3990.lob
query_set1.259.lob
query_set1.2827.lob
query_set1.1988.lob
query_set1.262.lob
query_set1.2412.lob
query_set1.3236.lob
query_set1.5350.lob
query_set1.2967.lob
query_set1.1785.lob
query_set1.4756.lob
query_set1.3590.lob
query_set1.476.lob
query_set1.4454.lob
query_set1.578.lob
query_set1.3780.lob
query_set1.1782.lob
query_set1.2593.lob
query_set1.5872.lob
query_set1.5356.lob
query_set1.4353.lob
query_set1.375.lob
query_set1.6156.lob
query_set1.4697.lob
query_set1.707.lob
query_set1.5264.lob
query_set1.5102.lob
query_set1.957.lob
query_set1.2205.lob
query_set1.3908.lob
query_set1.4113.lob
query_set1.099.lob
query_set1.3857.lob
query_set1.709.lob
query_set1.5066.lob
query_set1.066.lob
query_set1.1517.lob
query_set1.3625.lob
query_set1.4757.lob
query_set1.4068.lob
query_set1.5615.lob
query_set1.4820.lob
query_set1.2965.lob
query_set1.2680.lob
query_set1.5068.lob
query_set1.1966.lob
query_set1.4415.lob
query_set1.1306.lob
query_set1.4246.lob
query_set1.2577.lob
query_set1.5202.lob
query_set1.2312.lob
query_set1.4419.lob
query_set1.4487.lob
query_set1.3216.lob
query_set1.4504.lob
query_set1.4502.lob
query_set1.5057.lob
query_set1.1947.lob
query_set1.878.lob
query_set1.3138.lob
query_set1.2015.lob
query_set1.5518.lob
query_set1.985.lob
query_set1.2405.lob
query_set1.1797.lob
query_set1.2500.lob
query_set1.5197.lob
query_set1.5247.lob
query_set1.3361.lob
query_set1.4121.lob
query_set1.2207.lob
query_set1.5333.lob
query_set1.4812.lob
query_set1.3892.lob
query_set1.4129.lob
query_set1.3594.lob
query_set1.2881.lob
query_set1.5551.lob
query_set1.4741.lob
query_set1.3193.lob
query_set1.296.lob
query_set1.1451.lob
query_set1.4235.lob
query_set1.2045.lob
query_set1.289.lob
query_set1.3014.lob
query_set1.4885.lob
query_set1.2216.lob
query_set1.4402.lob
query_set1.551.lob
query_set1.2202.lob
query_set1.2584.lob
query_set1.3401.lob
query_set1.5327.lob
query_set1.217.lob
query_set1.1288.lob
query_set1.3867.lob
query_set1.4155.lob
query_set1.3149.lob
query_set1.4556.lob
query_set1.3238.lob
query_set1.1989.lob
query_set1.2238.lob
query_set1.108.lob
query_set1.5664.lob
query_set1.3272.lob
query_set1.2838.lob
query_set1.5837.lob
query_set1.478.lob
query_set1.4195.lob
query_set1.2909.lob
query_set1.3591.lob
query_set1.2770.lob
query_set1.6065.lob
query_set1.2444.lob
query_set1.2603.lob
query_set1.1219.lob
query_set1.324.lob
query_set1.389.lob
query_set1.1406.lob
query_set1.4375.lob
query_set1.2091.lob
query_set1.4401.lob
query_set1.5839.lob
query_set1.834.lob
query_set1.922.lob
query_set1.4424.lob
query_set1.6215.lob
query_set1.5107.lob
query_set1.934.lob
query_set1.2256.lob
query_set1.2362.lob
query_set1.2772.lob
query_set1.5326.lob
query_set1.2072.lob
query_set1.3545.lob
query_set1.039.lob
query_set1.818.lob
query_set1.5504.lob
query_set1.2195.lob
query_set1.5468.lob
query_set1.1342.lob
query_set1.2688.lob
query_set1.5446.lob
query_set1.2067.lob
query_set1.1363.lob
query_set1.069.lob
query_set1.275.lob
query_set1.5074.lob
query_set1.206.lob
query_set1.3417.lob
query_set1.5753.lob
query_set1.2846.lob
query_set1.5648.lob
query_set1.3108.lob
query_set1.399.lob
query_set1.5899.lob
query_set1.4832.lob
query_set1.3215.lob
query_set1.6066.lob
query_set1.5788.lob
query_set1.3282.lob
query_set1.1504.lob
query_set1.638.lob
query_set1.965.lob
query_set1.3450.lob
query_set1.2248.lob
query_set1.4429.lob
query_set1.2762.lob
query_set1.5299.lob
query_set1.3726.lob
query_set1.299.lob
query_set1.6229.lob
query_set1.6092.lob
query_set1.4711.lob
query_set1.790.lob
query_set1.6107.lob
query_set1.6027.lob
query_set1.5733.lob
query_set1.2351.lob
query_set1.2567.lob
query_set1.712.lob
query_set1.4152.lob
query_set1.2385.lob
query_set1.3225.lob
query_set1.3000.lob
query_set1.1474.lob
query_set1.1532.lob
query_set1.4423.lob
query_set1.102.lob
query_set1.2034.lob
query_set1.2732.lob
query_set1.2212.lob
query_set1.410.lob
query_set1.3436.lob
query_set1.2679.lob
query_set1.1961.lob
query_set1.996.lob
query_set1.1473.lob
query_set1.4480.lob
query_set1.1452.lob
query_set1.1312.lob
query_set1.2280.lob
query_set1.3846.lob
query_set1.214.lob
query_set1.4970.lob
query_set1.4452.lob
query_set1.4118.lob
query_set1.1776.lob
query_set1.2157.lob
query_set1.4778.lob
query_set1.2795.lob
query_set1.2022.lob
query_set1.752.lob
query_set1.1983.lob
query_set1.3828.lob
query_set1.2065.lob
query_set1.1546.lob
query_set1.6210.lob
query_set1.2193.lob
query_set1.4942.lob
query_set1.4194.lob
query_set1.1814.lob
query_set1.3547.lob
query_set1.4438.lob
query_set1.920.lob
query_set1.6162.lob
query_set1.3018.lob
query_set1.2398.lob
query_set1.2350.lob
query_set1.2376.lob
query_set1.044.lob
query_set1.4600.lob
query_set1.335.lob
query_set1.4156.lob
query_set1.6068.lob
query_set1.484.lob
query_set1.3666.lob
query_set1.5298.lob
query_set1.1510.lob
query_set1.3628.lob
query_set1.5659.lob
query_set1.2460.lob
query_set1.3643.lob
query_set1.4177.lob
query_set1.701.lob
query_set1.6227.lob
query_set1.5952.lob
query_set1.6228.lob
query_set1.4446.lob
query_set1.3633.lob
query_set1.3713.lob
query_set1.390.lob
query_set1.3817.lob
query_set1.1577.lob
query_set1.1359.lob
query_set1.2369.lob
query_set1.1519.lob
query_set1.322.lob
query_set1.2204.lob
query_set1.3733.lob
query_set1.5121.lob
query_set1.1507.lob
query_set1.3368.lob
query_set1.4966.lob
query_set1.2534.lob
query_set1.5600.lob
query_set1.5595.lob
query_set1.728.lob
query_set1.3466.lob
query_set1.2692.lob
query_set1.1270.lob
query_set1.2501.lob
query_set1.4184.lob
query_set1.3460.lob
query_set1.192.lob
query_set1.4731.lob
query_set1.2332.lob
query_set1.4224.lob
query_set1.1377.lob
query_set1.4150.lob
query_set1.4108.lob
query_set1.936.lob
query_set1.2730.lob
query_set1.2797.lob
query_set1.4083.lob
query_set1.5506.lob
query_set1.2668.lob
query_set1.5488.lob
query_set1.5353.lob
query_set1.3790.lob
query_set1.3437.lob
query_set1.1522.lob
query_set1.1518.lob
query_set1.4456.lob
query_set1.2365.lob
query_set1.3122.lob
query_set1.6001.lob
query_set1.5955.lob
query_set1.3697.lob
query_set1.704.lob
query_set1.2252.lob
query_set1.4566.lob
query_set1.5302.lob
query_set1.2334.lob
query_set1.1753.lob
query_set1.234.lob
query_set1.4798.lob
query_set1.4712.lob
query_set1.863.lob
query_set1.3443.lob
query_set1.4922.lob
query_set1.887.lob
query_set1.294.lob
query_set1.1311.lob
query_set1.2853.lob
query_set1.4932.lob
query_set1.1296.lob
query_set1.1290.lob
query_set1.216.lob
query_set1.3541.lob
query_set1.924.lob
query_set1.5874.lob
query_set1.4474.lob
query_set1.5082.lob
query_set1.6120.lob
query_set1.2286.lob
query_set1.3259.lob
query_set1.2594.lob
query_set1.6224.lob
query_set1.659.lob
query_set1.4869.lob
query_set1.3023.lob
query_set1.3827.lob
query_set1.3771.lob
query_set1.1403.lob
query_set1.908.lob
query_set1.461.lob
query_set1.112.lob
query_set1.2818.lob
query_set1.5244.lob
query_set1.3029.lob
query_set1.3627.lob
query_set1.983.lob
query_set1.5931.lob
query_set1.3455.lob
query_set1.2273.lob
query_set1.123.lob
query_set1.3518.lob
query_set1.4100.lob
query_set1.1379.lob
query_set1.3714.lob
query_set1.2563.lob
query_set1.2044.lob
query_set1.5485.lob
query_set1.784.lob
query_set1.731.lob
query_set1.2922.lob
query_set1.3650.lob
query_set1.063.lob
query_set1.6151.lob
query_set1.608.lob
query_set1.5190.lob
query_set1.4408.lob
query_set1.2519.lob
query_set1.2917.lob
query_set1.1949.lob
query_set1.3087.lob
query_set1.3465.lob
query_set1.2977.lob
query_set1.490.lob
query_set1.3774.lob
query_set1.738.lob
query_set1.092.lob
query_set1.3283.lob
query_set1.455.lob
query_set1.641.lob
query_set1.2656.lob
query_set1.2869.lob
query_set1.6054.lob
query_set1.6172.lob
query_set1.6131.lob
query_set1.5073.lob
query_set1.408.lob
query_set1.4333.lob
query_set1.361.lob
query_set1.6103.lob
query_set1.1956.lob
query_set1.6073.lob
query_set1.5845.lob
query_set1.318.lob
query_set1.5896.lob
query_set1.6122.lob
query_set1.3786.lob
query_set1.3595.lob
query_set1.088.lob
query_set1.385.lob
query_set1.3170.lob
query_set1.3691.lob
query_set1.2345.lob
query_set1.4386.lob
query_set1.572.lob
query_set1.4451.lob
query_set1.622.lob
query_set1.3499.lob
query_set1.2278.lob
query_set1.4823.lob
query_set1.781.lob
query_set1.2107.lob
query_set1.330.lob
query_set1.3745.lob
query_set1.3673.lob
query_set1.2027.lob
query_set1.040.lob
query_set1.765.lob
query_set1.4082.lob
query_set1.3416.lob
query_set1.2879.lob
query_set1.4759.lob
query_set1.034.lob
query_set1.1773.lob
query_set1.994.lob
query_set1.283.lob
query_set1.6101.lob
query_set1.2587.lob
query_set1.3009.lob
query_set1.104.lob
query_set1.4943.lob
query_set1.5204.lob
query_set1.992.lob
query_set1.5230.lob
query_set1.5229.lob
query_set1.5351.lob
query_set1.2931.lob
query_set1.3412.lob
query_set1.5927.lob
query_set1.2206.lob
query_set1.3410.lob
query_set1.471.lob
query_set1.4123.lob
query_set1.3809.lob
query_set1.2549.lob
query_set1.3234.lob
query_set1.041.lob
query_set1.2024.lob
query_set1.3285.lob
query_set1.2047.lob
query_set1.943.lob
query_set1.083.lob
query_set1.2940.lob
query_set1.5637.lob
query_set1.2008.lob
query_set1.3762.lob
query_set1.4903.lob
query_set1.212.lob
query_set1.2220.lob
query_set1.2433.lob
query_set1.4774.lob
query_set1.1420.lob
query_set1.5234.lob
query_set1.5256.lob
query_set1.4206.lob
query_set1.281.lob
query_set1.4368.lob
query_set1.4126.lob
query_set1.3478.lob
query_set1.801.lob
query_set1.4109.lob
query_set1.4742.lob
query_set1.2268.lob
query_set1.3684.lob
query_set1.4514.lob
query_set1.2630.lob
query_set1.480.lob
query_set1.1366.lob
query_set1.2606.lob
query_set1.1237.lob
query_set1.2682.lob
query_set1.3785.lob
query_set1.4400.lob
query_set1.2197.lob
query_set1.6049.lob
query_set1.3751.lob
query_set1.5826.lob
query_set1.5295.lob
query_set1.5369.lob
query_set1.4749.lob
query_set1.6110.lob
query_set1.5999.lob
query_set1.141.lob
query_set1.3124.lob
query_set1.5455.lob
query_set1.2397.lob
query_set1.2580.lob
query_set1.979.lob
query_set1.2733.lob
query_set1.2215.lob
query_set1.050.lob
query_set1.2536.lob
query_set1.3755.lob
query_set1.3395.lob
query_set1.2036.lob
query_set1.2370.lob
query_set1.561.lob
query_set1.3158.lob
query_set1.6147.lob
query_set1.3420.lob
query_set1.6100.lob
query_set1.4605.lob
query_set1.5462.lob
query_set1.2801.lob
query_set1.5746.lob
query_set1.2574.lob
query_set1.3324.lob
query_set1.4171.lob
query_set1.2462.lob
query_set1.5918.lob
query_set1.5274.lob
query_set1.2861.lob
query_set1.4115.lob
query_set1.5323.lob
query_set1.4220.lob
query_set1.3512.lob
query_set1.043.lob
query_set1.5632.lob
query_set1.2572.lob
query_set1.6132.lob
query_set1.4797.lob
query_set1.2423.lob
query_set1.1453.lob
query_set1.2038.lob
query_set1.636.lob
query_set1.3767.lob
query_set1.846.lob
query_set1.4656.lob
query_set1.2506.lob
query_set1.3688.lob
query_set1.254.lob
query_set1.1330.lob
query_set1.1480.lob
query_set1.3723.lob
query_set1.5486.lob
query_set1.5251.lob
query_set1.4716.lob
query_set1.4770.lob
query_set1.6082.lob
query_set1.3801.lob
query_set1.4406.lob
query_set1.3205.lob
query_set1.2382.lob
query_set1.797.lob
query_set1.4157.lob
query_set1.3143.lob
query_set1.2221.lob
query_set1.4486.lob
query_set1.4806.lob
query_set1.3993.lob
query_set1.3496.lob
query_set1.3293.lob
query_set1.4237.lob
query_set1.242.lob
query_set1.5093.lob
query_set1.5464.lob
query_set1.2062.lob
query_set1.3375.lob
query_set1.4645.lob
query_set1.4862.lob
query_set1.3100.lob
query_set1.1793.lob
query_set1.1781.lob
query_set1.3542.lob
query_set1.2284.lob
query_set1.5965.lob
query_set1.729.lob
query_set1.2179.lob
query_set1.346.lob
query_set1.4399.lob
query_set1.4998.lob
query_set1.2128.lob
query_set1.4909.lob
query_set1.5443.lob
query_set1.1350.lob
query_set1.2059.lob
query_set1.2342.lob
query_set1.4753.lob
query_set1.690.lob
query_set1.1415.lob
query_set1.841.lob
query_set1.4138.lob
query_set1.5467.lob
query_set1.1523.lob
query_set1.549.lob
query_set1.4251.lob
query_set1.2241.lob
query_set1.411.lob
query_set1.1265.lob
query_set1.5886.lob
query_set1.555.lob
query_set1.113.lob
query_set1.5116.lob
query_set1.065.lob
query_set1.2185.lob
query_set1.4169.lob
query_set1.1401.lob
query_set1.3374.lob
query_set1.4609.lob
query_set1.3385.lob
query_set1.1400.lob
query_set1.1969.lob
query_set1.3833.lob
query_set1.5201.lob
query_set1.5100.lob
query_set1.3475.lob
query_set1.3598.lob
query_set1.2399.lob
query_set1.4709.lob
query_set1.3089.lob
query_set1.5227.lob
query_set1.3263.lob
query_set1.1777.lob
query_set1.3671.lob
query_set1.4694.lob
query_set1.2293.lob
query_set1.961.lob
query_set1.2298.lob
query_set1.4935.lob
query_set1.993.lob
query_set1.1261.lob
query_set1.4508.lob
query_set1.796.lob
query_set1.052.lob
query_set1.2228.lob
query_set1.2094.lob
query_set1.810.lob
query_set1.2477.lob
query_set1.4969.lob
query_set1.4465.lob
query_set1.3553.lob
query_set1.4915.lob
query_set1.4223.lob
query_set1.5383.lob
query_set1.425.lob
query_set1.1347.lob
query_set1.4238.lob
query_set1.3485.lob
query_set1.4119.lob
query_set1.014.lob
query_set1.4729.lob
query_set1.456.lob
query_set1.489.lob
query_set1.5549.lob
query_set1.190.lob
query_set1.1511.lob
query_set1.5314.lob
query_set1.5097.lob
query_set1.037.lob
query_set1.5366.lob
query_set1.4421.lob
query_set1.3289.lob
query_set1.4267.lob
query_set1.2243.lob
query_set1.3883.lob
query_set1.2654.lob
query_set1.2862.lob
query_set1.624.lob
query_set1.4229.lob
query_set1.393.lob
query_set1.4921.lob
query_set1.813.lob
query_set1.4189.lob
query_set1.5235.lob
query_set1.2471.lob
query_set1.5581.lob
query_set1.1460.lob
query_set1.4165.lob
query_set1.3882.lob
query_set1.5320.lob
query_set1.6136.lob
query_set1.3365.lob
query_set1.3685.lob
query_set1.3323.lob
query_set1.814.lob
query_set1.4117.lob
query_set1.6105.lob
query_set1.2339.lob
query_set1.3704.lob
query_set1.6015.lob
query_set1.5813.lob
query_set1.3523.lob
query_set1.5951.lob
query_set1.4405.lob
query_set1.4101.lob
query_set1.2448.lob
query_set1.504.lob
query_set1.3664.lob
query_set1.3241.lob
query_set1.5906.lob
query_set1.4705.lob
query_set1.681.lob
query_set1.2092.lob
query_set1.5441.lob
query_set1.4950.lob
query_set1.3795.lob
query_set1.5482.lob
query_set1.2406.lob
query_set1.4610.lob
query_set1.2411.lob
query_set1.4209.lob
query_set1.236.lob
query_set1.2151.lob
query_set1.725.lob
query_set1.1429.lob
query_set1.742.lob
query_set1.1417.lob
query_set1.3858.lob
query_set1.3843.lob
query_set1.303.lob
query_set1.4907.lob
query_set1.1439.lob
query_set1.2921.lob
query_set1.3266.lob
query_set1.4888.lob
query_set1.3522.lob
query_set1.4710.lob
query_set1.5386.lob
query_set1.2465.lob
query_set1.3636.lob
query_set1.3744.lob
query_set1.1538.lob
query_set1.4720.lob
query_set1.3500.lob
query_set1.1943.lob
query_set1.305.lob
query_set1.3454.lob
query_set1.5259.lob
query_set1.4496.lob
query_set1.2621.lob
query_set1.702.lob
query_set1.2437.lob
query_set1.3447.lob
query_set1.5498.lob
query_set1.3777.lob
query_set1.699.lob
query_set1.735.lob
query_set1.5582.lob
query_set1.5223.lob
query_set1.560.lob
query_set1.2201.lob
query_set1.4322.lob
query_set1.2318.lob
query_set1.5969.lob
query_set1.5371.lob
query_set1.4236.lob
query_set1.2938.lob
query_set1.1397.lob
query_set1.4840.lob
query_set1.6192.lob
query_set1.2121.lob
query_set1.1395.lob
query_set1.3699.lob
query_set1.2184.lob
query_set1.364.lob
query_set1.2658.lob
query_set1.2914.lob
query_set1.5631.lob
query_set1.1269.lob
query_set1.2348.lob
query_set1.328.lob
query_set1.3731.lob
query_set1.077.lob
query_set1.095.lob
query_set1.5543.lob
query_set1.3763.lob
query_set1.3415.lob
query_set1.2899.lob
query_set1.2018.lob
query_set1.3992.lob
query_set1.4500.lob
query_set1.2418.lob
query_set1.2262.lob
query_set1.5993.lob
query_set1.2508.lob
query_set1.1953.lob
query_set1.3905.lob
query_set1.4081.lob
query_set1.719.lob
query_set1.1936.lob
query_set1.5189.lob
query_set1.005.lob
query_set1.1370.lob
query_set1.2525.lob
query_set1.3377.lob
query_set1.5103.lob
query_set1.3797.lob
query_set1.5523.lob
query_set1.518.lob
query_set1.986.lob
query_set1.5934.lob
query_set1.5933.lob
query_set1.2111.lob
query_set1.391.lob
query_set1.5296.lob
query_set1.2864.lob
query_set1.730.lob
query_set1.4735.lob
query_set1.1221.lob
query_set1.2898.lob
query_set1.5937.lob
query_set1.2101.lob
query_set1.751.lob
query_set1.1549.lob
query_set1.103.lob
query_set1.3750.lob
query_set1.4373.lob
query_set1.935.lob
query_set1.5347.lob
query_set1.2313.lob
query_set1.3484.lob
query_set1.3605.lob
query_set1.3351.lob
query_set1.2504.lob
query_set1.5060.lob
query_set1.315.lob
query_set1.3592.lob
query_set1.6170.lob
query_set1.3566.lob
query_set1.710.lob
query_set1.3886.lob
query_set1.3816.lob
query_set1.5987.lob
query_set1.5281.lob
query_set1.5053.lob
query_set1.3631.lob
query_set1.2306.lob
query_set1.1506.lob
query_set1.6128.lob
query_set1.4380.lob
query_set1.5878.lob
query_set1.917.lob
query_set1.2430.lob
query_set1.4647.lob
query_set1.1323.lob
query_set1.2050.lob
query_set1.964.lob
query_set1.6218.lob
query_set1.4409.lob
query_set1.2946.lob
query_set1.1541.lob
query_set1.6168.lob
query_set1.643.lob
query_set1.650.lob
query_set1.5502.lob
query_set1.5495.lob
query_set1.5079.lob
query_set1.2664.lob
query_set1.4367.lob
query_set1.2738.lob
query_set1.653.lob
query_set1.4924.lob
query_set1.1481.lob
query_set1.1950.lob
query_set1.896.lob
query_set1.6125.lob
query_set1.6178.lob
query_set1.3421.lob
query_set1.1423.lob
query_set1.2251.lob
query_set1.4067.lob
query_set1.566.lob
query_set1.2304.lob
query_set1.2758.lob
query_set1.4466.lob
query_set1.978.lob
query_set1.2774.lob
query_set1.867.lob
query_set1.3453.lob
query_set1.6135.lob
query_set1.4416.lob
query_set1.2326.lob
query_set1.3257.lob
query_set1.1794.lob
query_set1.4460.lob
query_set1.1750.lob
query_set1.5365.lob
query_set1.3004.lob
query_set1.1289.lob
query_set1.4830.lob
query_set1.2218.lob
query_set1.4515.lob
query_set1.2150.lob
query_set1.2316.lob
query_set1.4203.lob
query_set1.2407.lob
query_set1.2087.lob
query_set1.493.lob
query_set1.6154.lob
query_set1.089.lob
query_set1.5200.lob
query_set1.1807.lob
query_set1.3350.lob
query_set1.2258.lob
query_set1.105.lob
query_set1.2296.lob
query_set1.2928.lob
query_set1.4928.lob
query_set1.076.lob
query_set1.2165.lob
query_set1.6104.lob
query_set1.2233.lob
query_set1.292.lob
query_set1.4838.lob
query_set1.5936.lob
query_set1.2763.lob
query_set1.3092.lob
query_set1.1404.lob
query_set1.5061.lob
query_set1.1469.lob
query_set1.2171.lob
query_set1.4232.lob
query_set1.839.lob
query_set1.2187.lob
query_set1.2160.lob
query_set1.2968.lob
query_set1.184.lob
query_set1.5087.lob
query_set1.5284.lob
query_set1.3267.lob
query_set1.1968.lob
query_set1.4925.lob
query_set1.4754.lob
query_set1.472.lob
query_set1.792.lob
query_set1.912.lob
query_set1.2167.lob
query_set1.049.lob
query_set1.6077.lob
query_set1.3139.lob
query_set1.4473.lob
query_set1.2811.lob
query_set1.2086.lob
query_set1.2442.lob
query_set1.1780.lob
query_set1.3612.lob
query_set1.2080.lob
query_set1.1464.lob
query_set1.2492.lob
query_set1.2507.lob
query_set1.1553.lob
query_set1.2826.lob
query_set1.2443.lob
query_set1.2142.lob
query_set1.3456.lob
query_set1.3388.lob
query_set1.1257.lob
query_set1.3219.lob
query_set1.134.lob
query_set1.4093.lob
query_set1.5237.lob
query_set1.1450.lob
query_set1.713.lob
query_set1.895.lob
query_set1.2266.lob
query_set1.3662.lob
query_set1.2618.lob
query_set1.3746.lob
query_set1.280.lob
query_set1.4505.lob
query_set1.4763.lob
query_set1.6017.lob
query_set1.6004.lob
query_set1.1548.lob
query_set1.6222.lob
query_set1.316.lob
query_set1.4151.lob
query_set1.5008.lob
query_set1.1348.lob
query_set1.5084.lob
query_set1.3444.lob
query_set1.6046.lob
query_set1.644.lob
query_set1.2813.lob
query_set1.2100.lob
query_set1.1338.lob
query_set1.376.lob
query_set1.3310.lob
query_set1.4176.lob
query_set1.2719.lob
query_set1.511.lob
query_set1.5329.lob
query_set1.4378.lob
query_set1.4887.lob
query_set1.1344.lob
query_set1.3889.lob
query_set1.510.lob
query_set1.4816.lob
query_set1.2924.lob
query_set1.1360.lob
query_set1.5122.lob
query_set1.4379.lob
query_set1.2209.lob
query_set1.5944.lob
query_set1.3861.lob
query_set1.3808.lob
query_set1.2666.lob
query_set1.1531.lob
query_set1.3583.lob
query_set1.5497.lob
query_set1.4912.lob
query_set1.2300.lob
query_set1.4706.lob
query_set1.2387.lob
query_set1.3352.lob
query_set1.085.lob
query_set1.4143.lob
query_set1.448.lob
query_set1.696.lob
query_set1.3372.lob
query_set1.230.lob
query_set1.1796.lob
query_set1.3380.lob
query_set1.3621.lob
query_set1.6060.lob
query_set1.3434.lob
query_set1.5324.lob
query_set1.789.lob
query_set1.6124.lob
query_set1.3531.lob
query_set1.4433.lob
query_set1.4086.lob
query_set1.4780.lob
query_set1.1463.lob
query_set1.3873.lob
query_set1.5711.lob
query_set1.3756.lob
query_set1.776.lob
query_set1.3490.lob
query_set1.2897.lob
query_set1.2069.lob
query_set1.5612.lob
query_set1.6012.lob
query_set1.3102.lob
query_set1.1425.lob
query_set1.5895.lob
query_set1.2841.lob
query_set1.1766.lob
query_set1.3463.lob
query_set1.828.lob
query_set1.2422.lob
query_set1.548.lob
query_set1.3991.lob
query_set1.1339.lob
query_set1.3366.lob
query_set1.2628.lob
query_set1.2223.lob
query_set1.869.lob
query_set1.3413.lob
query_set1.5490.lob
query_set1.3802.lob
query_set1.5075.lob
query_set1.2320.lob
query_set1.2079.lob
query_set1.247.lob
query_set1.4488.lob
query_set1.5665.lob
query_set1.2947.lob
query_set1.940.lob
query_set1.3869.lob
query_set1.5292.lob
query_set1.3117.lob
query_set1.3126.lob
query_set1.4803.lob
query_set1.2391.lob
query_set1.2007.lob
query_set1.1282.lob
query_set1.3151.lob
query_set1.740.lob
query_set1.2245.lob
query_set1.2779.lob
query_set1.2396.lob
query_set1.3881.lob
query_set1.5621.lob
query_set1.5707.lob
query_set1.4529.lob
query_set1.2040.lob
query_set1.640.lob
query_set1.5917.lob
query_set1.4952.lob
query_set1.832.lob
query_set1.2170.lob
query_set1.1318.lob
query_set1.4532.lob
query_set1.3701.lob
query_set1.3480.lob
query_set1.2236.lob
query_set1.5058.lob
query_set1.2340.lob
query_set1.5300.lob
query_set1.2559.lob
query_set1.5283.lob
query_set1.251.lob
query_set1.5052.lob
query_set1.406.lob
query_set1.1525.lob
query_set1.2903.lob
query_set1.6095.lob
query_set1.4651.lob
query_set1.1576.lob
query_set1.468.lob
query_set1.5638.lob
query_set1.2800.lob
query_set1.4691.lob
query_set1.5773.lob
query_set1.1957.lob
query_set1.2053.lob
query_set1.3503.lob
query_set1.2737.lob
query_set1.2323.lob
query_set1.2513.lob
query_set1.5285.lob
query_set1.3718.lob
query_set1.2281.lob
query_set1.2723.lob
query_set1.2277.lob
query_set1.2728.lob
query_set1.748.lob
query_set1.3680.lob
query_set1.6216.lob
query_set1.270.lob
query_set1.2089.lob
query_set1.094.lob
query_set1.4227.lob
query_set1.6071.lob
query_set1.1431.lob
query_set1.3479.lob
query_set1.4878.lob
query_set1.2192.lob
query_set1.2035.lob
query_set1.722.lob
query_set1.3153.lob
query_set1.2533.lob
query_set1.5814.lob
query_set1.1281.lob
query_set1.5242.lob
query_set1.3098.lob
query_set1.3805.lob
query_set1.1457.lob
query_set1.4604.lob
query_set1.2746.lob
query_set1.3721.lob
query_set1.4348.lob
query_set1.6177.lob
query_set1.3589.lob
query_set1.301.lob
query_set1.2354.lob
query_set1.2484.lob
query_set1.5433.lob
query_set1.350.lob
query_set1.5661.lob
query_set1.4703.lob
query_set1.1405.lob
query_set1.6221.lob
query_set1.2843.lob
query_set1.2705.lob
query_set1.2819.lob
query_set1.412.lob
query_set1.5596.lob
query_set1.845.lob
query_set1.2311.lob
query_set1.3448.lob
query_set1.3292.lob
query_set1.697.lob
query_set1.2456.lob
query_set1.6002.lob
query_set1.4704.lob
query_set1.2981.lob
query_set1.2119.lob
query_set1.228.lob
query_set1.951.lob
query_set1.1484.lob
query_set1.5345.lob
query_set1.1322.lob
query_set1.323.lob
query_set1.4166.lob
query_set1.2713.lob
query_set1.226.lob
query_set1.5634.lob
query_set1.5882.lob
query_set1.3609.lob
query_set1.4414.lob
query_set1.777.lob
query_set1.630.lob
query_set1.4871.lob
query_set1.3220.lob
query_set1.3782.lob
query_set1.4369.lob
query_set1.2408.lob
query_set1.197.lob
query_set1.4879.lob
query_set1.3389.lob
query_set1.2993.lob
query_set1.1501.lob
query_set1.2085.lob
query_set1.2110.lob
query_set1.3608.lob
query_set1.2181.lob
query_set1.4411.lob
query_set1.3579.lob
query_set1.3440.lob
query_set1.2653.lob
query_set1.3204.lob
query_set1.3670.lob
query_set1.1551.lob
query_set1.5253.lob
query_set1.727.lob
query_set1.698.lob
query_set1.838.lob
query_set1.2824.lob
query_set1.2188.lob
query_set1.2893.lob
query_set1.5880.lob
query_set1.2305.lob
query_set1.4374.lob
query_set1.124.lob
query_set1.274.lob
query_set1.3222.lob
query_set1.196.lob
query_set1.2809.lob
query_set1.2735.lob
query_set1.982.lob
query_set1.4211.lob
query_set1.1287.lob
query_set1.4771.lob
query_set1.2254.lob
query_set1.4422.lob
query_set1.5335.lob
query_set1.5981.lob
query_set1.1256.lob
query_set1.3765.lob
query_set1.6130.lob
query_set1.1787.lob
query_set1.2106.lob
query_set1.4003.lob
query_set1.1326.lob
query_set1.5954.lob
query_set1.1805.lob
query_set1.6155.lob
query_set1.4775.lob
query_set1.258.lob
query_set1.263.lob
query_set1.2294.lob
query_set1.5617.lob
query_set1.2328.lob
query_set1.5946.lob
query_set1.277.lob
query_set1.6064.lob
query_set1.4349.lob
query_set1.4144.lob
query_set1.872.lob
query_set1.6143.lob
query_set1.1976.lob
query_set1.4231.lob
query_set1.3144.lob
query_set1.1466.lob
query_set1.842.lob
query_set1.286.lob
query_set1.3119.lob
query_set1.1973.lob
query_set1.6023.lob
query_set1.5539.lob
query_set1.574.lob
query_set1.142.lob
query_set1.208.lob
query_set1.5758.lob
query_set1.001.lob
query_set1.2321.lob
query_set1.1740.lob
query_set1.2234.lob
query_set1.4404.lob
query_set1.3710.lob
query_set1.4881.lob
query_set1.5491.lob
query_set1.5974.lob
query_set1.386.lob
query_set1.5114.lob
query_set1.2540.lob
query_set1.1396.lob
query_set1.4526.lob
query_set1.1392.lob
query_set1.3568.lob
query_set1.3624.lob
query_set1.2598.lob
query_set1.5755.lob
query_set1.211.lob
query_set1.454.lob
query_set1.3775.lob
query_set1.2850.lob
query_set1.5451.lob
query_set1.3876.lob
query_set1.243.lob
query_set1.2807.lob
query_set1.5062.lob
query_set1.980.lob
query_set1.3907.lob
query_set1.1739.lob
query_set1.743.lob
query_set1.3141.lob
query_set1.3231.lob
query_set1.5432.lob
query_set1.3187.lob
query_set1.110.lob
query_set1.231.lob
query_set1.4357.lob
query_set1.4179.lob
query_set1.865.lob
query_set1.4525.lob
query_set1.5838.lob
query_set1.3408.lob
query_set1.746.lob
query_set1.2637.lob
query_set1.4653.lob
query_set1.5982.lob
query_set1.2923.lob
query_set1.2627.lob
query_set1.3106.lob
query_set1.205.lob
query_set1.068.lob
query_set1.5771.lob
query_set1.1772.lob
query_set1.2727.lob
query_set1.3646.lob
query_set1.3747.lob
query_set1.3233.lob
query_set1.2564.lob
query_set1.4339.lob
query_set1.3261.lob
query_set1.1394.lob
query_set1.733.lob
query_set1.2620.lob
query_set1.2329.lob
query_set1.627.lob
query_set1.5759.lob
query_set1.4216.lob
query_set1.3842.lob
query_set1.5474.lob
query_set1.2561.lob
query_set1.1512.lob
query_set1.1539.lob
query_set1.3606.lob
query_set1.793.lob
query_set1.6067.lob
query_set1.2400.lob
query_set1.106.lob
query_set1.874.lob
query_set1.2963.lob
query_set1.4330.lob
query_set1.310.lob
query_set1.1960.lob
query_set1.2105.lob
query_set1.3596.lob
query_set1.5613.lob
query_set1.4777.lob
query_set1.3159.lob
query_set1.2451.lob
query_set1.3812.lob
query_set1.2476.lob
query_set1.714.lob
query_set1.031.lob
query_set1.6146.lob
query_set1.4420.lob
query_set1.334.lob
query_set1.384.lob
query_set1.4365.lob
query_set1.1416.lob
query_set1.1422.lob
query_set1.3616.lob
query_set1.3792.lob
query_set1.770.lob
query_set1.5949.lob
query_set1.3943.lob
query_set1.4124.lob
query_set1.4172.lob
query_set1.3850.lob
query_set1.2892.lob
query_set1.2349.lob
query_set1.064.lob
query_set1.4914.lob
query_set1.3813.lob
query_set1.4233.lob
query_set1.193.lob
query_set1.3516.lob
query_set1.1139.lob
query_set1.4931.lob
query_set1.109.lob
query_set1.3319.lob
query_set1.783.lob
query_set1.4760.lob
query_set1.2088.lob
query_set1.2264.lob
query_set1.2948.lob
query_set1.3678.lob
query_set1.2929.lob
query_set1.962.lob
query_set1.6159.lob
query_set1.2056.lob
query_set1.2667.lob
query_set1.4999.lob
query_set1.5608.lob
query_set1.2441.lob
query_set1.5674.lob
query_set1.4382.lob
query_set1.3727.lob
query_set1.2591.lob
query_set1.2689.lob
query_set1.1495.lob
query_set1.018.lob
query_set1.811.lob
query_set1.3382.lob
query_set1.4593.lob
query_set1.2060.lob
query_set1.1786.lob
query_set1.062.lob
query_set1.4748.lob
query_set1.1954.lob
query_set1.3874.lob
query_set1.5354.lob
query_set1.3611.lob
query_set1.2736.lob
query_set1.3271.lob
query_set1.3853.lob
query_set1.3667.lob
query_set1.6038.lob
query_set1.5939.lob
query_set1.4905.lob
query_set1.481.lob
query_set1.3213.lob
query_set1.3290.lob
query_set1.4483.lob
query_set1.3698.lob
query_set1.5461.lob
query_set1.036.lob
query_set1.987.lob
query_set1.5984.lob
query_set1.032.lob
query_set1.2711.lob
query_set1.2368.lob
query_set1.035.lob
query_set1.4730.lob
query_set1.711.lob
query_set1.6118.lob
query_set1.4809.lob
query_set1.975.lob
query_set1.1294.lob
query_set1.2760.lob
query_set1.3859.lob
query_set1.2395.lob
query_set1.3856.lob
query_set1.4734.lob
query_set1.3760.lob
query_set1.902.lob
query_set1.2636.lob
query_set1.991.lob
query_set1.1293.lob
query_set1.613.lob
query_set1.2877.lob
query_set1.4886.lob
query_set1.4521.lob
query_set1.470.lob
query_set1.2098.lob
query_set1.1352.lob
query_set1.3469.lob
query_set1.5883.lob
query_set1.2315.lob
query_set1.2757.lob
query_set1.2683.lob
query_set1.4221.lob
query_set1.3104.lob
query_set1.4455.lob
query_set1.5640.lob
query_set1.3787.lob
query_set1.3554.lob
query_set1.5500.lob
query_set1.2336.lob
query_set1.4168.lob
query_set1.1372.lob
query_set1.2279.lob
query_set1.2872.lob
query_set1.4381.lob
query_set1.091.lob
query_set1.2710.lob
query_set1.1331.lob
query_set1.745.lob
query_set1.758.lob
query_set1.3702.lob
query_set1.2856.lob
query_set1.2474.lob
query_set1.485.lob
query_set1.2514.lob
query_set1.060.lob
query_set1.4356.lob
query_set1.3845.lob
query_set1.4090.lob
query_set1.2242.lob
query_set1.2454.lob
query_set1.3781.lob
query_set1.3214.lob
query_set1.2773.lob
query_set1.2812.lob
query_set1.2428.lob
query_set1.6075.lob
query_set1.2804.lob
query_set1.4696.lob
query_set1.6084.lob
query_set1.5893.lob
query_set1.5642.lob
query_set1.2482.lob
query_set1.2631.lob
query_set1.732.lob
query_set1.3494.lob
query_set1.2322.lob
query_set1.2331.lob
query_set1.337.lob
query_set1.5275.lob
query_set1.3150.lob
query_set1.2616.lob
query_set1.349.lob
query_set1.2378.lob
query_set1.2581.lob
query_set1.3711.lob
query_set1.3844.lob
query_set1.2373.lob
query_set1.1775.lob
query_set1.5979.lob
query_set1.2590.lob
query_set1.5900.lob
query_set1.5207.lob
query_set1.4827.lob
query_set1.6098.lob
query_set1.2021.lob
query_set1.2848.lob
query_set1.1963.lob
query_set1.1741.lob
query_set1.072.lob
query_set1.3573.lob
query_set1.1376.lob
query_set1.1255.lob
query_set1.2431.lob
query_set1.3753.lob
query_set1.5194.lob
query_set1.4392.lob
query_set1.576.lob
query_set1.4520.lob
query_set1.341.lob
query_set1.5126.lob
query_set1.3169.lob
query_set1.3875.lob
query_set1.4469.lob
query_set1.4996.lob
query_set1.807.lob
query_set1.6217.lob
query_set1.5434.lob
query_set1.498.lob
query_set1.1351.lob
query_set1.4516.lob
query_set1.1321.lob
query_set1.1974.lob
query_set1.4851.lob
query_set1.651.lob
query_set1.756.lob
query_set1.5887.lob
query_set1.3918.lob
query_set1.686.lob
query_set1.2083.lob
query_set1.5303.lob
query_set1.3783.lob
query_set1.3819.lob
query_set1.567.lob
query_set1.6133.lob
query_set1.4746.lob
query_set1.1440.lob
query_set1.2488.lob
query_set1.1779.lob
query_set1.1138.lob
query_set1.1948.lob
query_set1.3423.lob
query_set1.2665.lob
query_set1.3597.lob
query_set1.848.lob
query_set1.2208.lob
query_set1.5660.lob
query_set1.046.lob
query_set1.5519.lob
query_set1.3693.lob
query_set1.238.lob
query_set1.2706.lob
query_set1.3567.lob
query_set1.2104.lob
query_set1.2434.lob
query_set1.2972.lob
query_set1.5705.lob
query_set1.2066.lob
query_set1.4819.lob
query_set1.3164.lob
query_set1.5088.lob
query_set1.3167.lob
query_set1.3706.lob
query_set1.1515.lob
query_set1.5935.lob
query_set1.974.lob
query_set1.4141.lob
query_set1.1471.lob
query_set1.6211.lob
query_set1.2200.lob
query_set1.5472.lob
query_set1.2764.lob
query_set1.2647.lob
query_set1.3879.lob
query_set1.3393.lob
query_set1.3849.lob
query_set1.3459.lob
query_set1.4499.lob
query_set1.2494.lob
query_set1.2930.lob
query_set1.357.lob
query_set1.1790.lob
query_set1.579.lob
query_set1.621.lob
query_set1.1554.lob
query_set1.4758.lob
query_set1.3877.lob
query_set1.3130.lob
query_set1.2726.lob
query_set1.4142.lob
query_set1.5218.lob
query_set1.3604.lob
query_set1.6182.lob
query_set1.2043.lob
query_set1.5297.lob
query_set1.949.lob
query_set1.288.lob
query_set1.2659.lob
query_set1.5898.lob
query_set1.1996.lob
query_set1.2607.lob
query_set1.2634.lob
query_set1.2588.lob
query_set1.383.lob
query_set1.4111.lob
query_set1.5494.lob
query_set1.3626.lob
query_set1.1952.lob
query_set1.4182.lob
query_set1.3287.lob
query_set1.339.lob
query_set1.319.lob
query_set1.3804.lob
query_set1.5245.lob
query_set1.125.lob
query_set1.3757.lob
query_set1.4880.lob
query_set1.1575.lob
query_set1.2076.lob
query_set1.2374.lob
query_set1.075.lob
query_set1.224.lob
query_set1.2485.lob
query_set1.679.lob
query_set1.2700.lob
query_set1.1407.lob
query_set1.889.lob
query_set1.2289.lob
query_set1.1445.lob
query_set1.317.lob
query_set1.761.lob
query_set1.4899.lob
query_set1.6025.lob
query_set1.501.lob
query_set1.3328.lob
query_set1.2759.lob
query_set1.3830.lob
query_set1.871.lob
query_set1.2622.lob
query_set1.4833.lob
query_set1.766.lob
query_set1.3457.lob
query_set1.5492.lob
query_set1.2604.lob
query_set1.2161.lob
query_set1.3728.lob
query_set1.5545.lob
query_set1.5889.lob
query_set1.457.lob
query_set1.2831.lob
query_set1.4884.lob
query_set1.2975.lob
query_set1.4527.lob
query_set1.3426.lob
query_set1.079.lob
query_set1.2663.lob
query_set1.2276.lob
query_set1.387.lob
query_set1.3243.lob
query_set1.2461.lob
query_set1.5473.lob
query_set1.3638.lob
query_set1.2855.lob
query_set1.1391.lob
query_set1.5598.lob
query_set1.276.lob
query_set1.5361.lob
query_set1.1268.lob
query_set1.3384.lob
query_set1.3486.lob
query_set1.1487.lob
query_set1.013.lob
query_set1.5436.lob
query_set1.3329.lob
query_set1.3005.lob
query_set1.4441.lob
query_set1.4940.lob
query_set1.449.lob
query_set1.2640.lob
query_set1.114.lob
query_set1.4772.lob
query_set1.2974.lob
query_set1.5452.lob
query_set1.903.lob
query_set1.5384.lob
query_set1.4971.lob
query_set1.347.lob
query_set1.2949.lob
query_set1.1496.lob
query_set1.6086.lob
query_set1.755.lob
query_set1.5092.lob
query_set1.5318.lob
query_set1.5961.lob
query_set1.4659.lob
query_set1.6189.lob
query_set1.5112.lob
query_set1.2792.lob
query_set1.6056.lob
query_set1.345.lob
query_set1.279.lob
query_set1.2377.lob
query_set1.2324.lob
query_set1.911.lob
query_set1.3546.lob
query_set1.4825.lob
query_set1.5833.lob
query_set1.020.lob
query_set1.6036.lob
query_set1.3724.lob
query_set1.5219.lob
query_set1.2984.lob
query_set1.1808.lob
query_set1.5956.lob
query_set1.2472.lob
query_set1.6091.lob
query_set1.5475.lob
query_set1.2487.lob
query_set1.3224.lob
query_set1.1333.lob
query_set1.1959.lob
query_set1.4648.lob
query_set1.3864.lob
query_set1.749.lob
query_set1.938.lob
query_set1.5546.lob
query_set1.1499.lob
query_set1.3186.lob
query_set1.290.lob
query_set1.6014.lob
query_set1.3327.lob
query_set1.2973.lob
query_set1.1313.lob
query_set1.2660.lob
query_set1.769.lob
query_set1.2253.lob
query_set1.2009.lob
query_set1.1742.lob
query_set1.3140.lob
query_set1.4503.lob
query_set1.5278.lob
query_set1.1535.lob
query_set1.2817.lob
query_set1.2051.lob
query_set1.3778.lob
query_set1.278.lob
query_set1.2367.lob
query_set1.3199.lob
query_set1.082.lob
query_set1.2535.lob
query_set1.6187.lob
query_set1.5728.lob
query_set1.4956.lob
query_set1.3575.lob
query_set1.2873.lob
query_set1.2516.lob
query_set1.5265.lob
query_set1.5081.lob
query_set1.348.lob
query_set1.1304.lob
query_set1.3367.lob
query_set1.3694.lob
query_set1.2825.lob
query_set1.5272.lob
query_set1.4700.lob
query_set1.2821.lob
query_set1.3825.lob
query_set1.2776.lob
query_set1.1424.lob
query_set1.5064.lob
query_set1.3369.lob
query_set1.4599.lob
query_set1.4834.lob
query_set1.5457.lob
query_set1.3659.lob
query_set1.5873.lob
query_set1.260.lob
query_set1.1208.lob
query_set1.2675.lob
query_set1.4457.lob
query_set1.3761.lob
query_set1.2199.lob
query_set1.2164.lob
query_set1.5525.lob
query_set1.3445.lob
query_set1.4376.lob
query_set1.4875.lob
query_set1.3355.lob
query_set1.5364.lob
query_set1.074.lob
query_set1.3506.lob
query_set1.3223.lob
query_set1.5206.lob
query_set1.329.lob
query_set1.3250.lob
query_set1.5055.lob
query_set1.2983.lob
query_set1.5599.lob
query_set1.888.lob
query_set1.1981.lob
query_set1.3181.lob
query_set1.2475.lob
query_set1.2436.lob
query_set1.3758.lob
query_set1.1205.lob
query_set1.4372.lob
query_set1.3203.lob
query_set1.3025.lob
query_set1.1328.lob
query_set1.744.lob
query_set1.2927.lob
query_set1.4351.lob
query_set1.3244.lob
query_set1.4530.lob
query_set1.3136.lob
query_set1.3789.lob
query_set1.4436.lob
query_set1.5101.lob
query_set1.3270.lob
query_set1.2605.lob
query_set1.6231.lob
query_set1.812.lob
query_set1.4201.lob
query_set1.3491.lob
query_set1.2409.lob
query_set1.4445.lob
query_set1.5630.lob
query_set1.2450.lob
query_set1.3247.lob
query_set1.2753.lob
query_set1.4507.lob
query_set1.4841.lob
query_set1.1418.lob
query_set1.5605.lob
query_set1.5994.lob
query_set1.115.lob
query_set1.464.lob
query_set1.403.lob
query_set1.4933.lob
query_set1.5801.lob
query_set1.559.lob
query_set1.6057.lob
query_set1.2769.lob
query_set1.500.lob
query_set1.4103.lob
query_set1.5585.lob
query_set1.136.lob
query_set1.5594.lob
query_set1.564.lob
query_set1.512.lob
query_set1.3521.lob
query_set1.5846.lob
query_set1.4804.lob
query_set1.268.lob
query_set1.4961.lob
query_set1.3194.lob
query_set1.4920.lob
query_set1.5875.lob
query_set1.1765.lob
query_set1.2250.lob
query_set1.915.lob
query_set1.6163.lob
query_set1.388.lob
query_set1.3217.lob
query_set1.4347.lob
query_set1.4167.lob
query_set1.3390.lob
query_set1.2556.lob
query_set1.2602.lob
query_set1.3008.lob
query_set1.2629.lob
query_set1.4139.lob
query_set1.5614.lob
query_set1.1977.lob
query_set1.5668.lob
query_set1.6011.lob
query_set1.355.lob
query_set1.1939.lob
query_set1.1490.lob
query_set1.620.lob
query_set1.2997.lob
query_set1.5973.lob
query_set1.4437.lob
query_set1.5807.lob
query_set1.447.lob
query_set1.3764.lob
query_set1.2510.lob
query_set1.4713.lob
query_set1.2537.lob
query_set1.3600.lob
query_set1.3291.lob
query_set1.3381.lob
query_set1.4509.lob
query_set1.3142.lob
query_set1.5950.lob
query_set1.2676.lob
query_set1.2012.lob
query_set1.847.lob
query_set1.2982.lob
query_set1.3669.lob
query_set1.3692.lob
query_set1.2222.lob
query_set1.6109.lob
query_set1.4462.lob
query_set1.2459.lob
query_set1.3707.lob
query_set1.3649.lob
query_set1.4163.lob
query_set1.118.lob
query_set1.2394.lob
query_set1.5348.lob
query_set1.5745.lob
query_set1.5647.lob
query_set1.5338.lob
query_set1.1778.lob
query_set1.4606.lob
query_set1.2071.lob
query_set1.3258.lob
query_set1.1432.lob
query_set1.5609.lob
query_set1.556.lob
query_set1.2401.lob
query_set1.5806.lob
query_set1.633.lob
query_set1.2851.lob
query_set1.119.lob
query_set1.1945.lob
query_set1.312.lob
query_set1.830.lob
query_set1.4187.lob
query_set1.3836.lob
query_set1.2317.lob
query_set1.2685.lob
query_set1.4391.lob
query_set1.5673.lob
query_set1.4104.lob
query_set1.782.lob
query_set1.959.lob
query_set1.4407.lob
query_set1.2554.lob
query_set1.3378.lob
query_set1.308.lob
query_set1.5129.lob
query_set1.2030.lob
query_set1.207.lob
query_set1.320.lob
query_set1.340.lob
query_set1.2375.lob
query_set1.3570.lob
query_set1.759.lob
query_set1.2343.lob
query_set1.4484.lob
query_set1.4960.lob
query_set1.3404.lob
query_set1.3398.lob
query_set1.1140.lob
query_set1.885.lob
query_set1.2127.lob
query_set1.418.lob
query_set1.1944.lob
query_set1.446.lob
query_set1.6126.lob
query_set1.3829.lob
query_set1.2729.lob
query_set1.4523.lob
query_set1.4398.lob
query_set1.2026.lob
query_set1.5381.lob
query_set1.4120.lob
query_set1.5941.lob
query_set1.2557.lob
query_set1.3148.lob
query_set1.2235.lob
query_set1.5769.lob
query_set1.1505.lob
query_set1.4936.lob
query_set1.5438.lob
query_set1.5374.lob
query_set1.4946.lob
query_set1.3418.lob
query_set1.4230.lob
query_set1.5287.lob
query_set1.2875.lob
query_set1.2116.lob
query_set1.3116.lob
query_set1.2945.lob
query_set1.2232.lob
query_set1.2203.lob
query_set1.5535.lob
query_set1.5270.lob
query_set1.1286.lob
query_set1.1508.lob
query_set1.2678.lob
query_set1.4493.lob
query_set1.5091.lob
query_set1.4363.lob
query_set1.3487.lob
query_set1.2686.lob
query_set1.6089.lob
query_set1.5456.lob
query_set1.4492.lob
query_set1.1770.lob
query_set1.3441.lob
query_set1.637.lob
query_set1.5972.lob
query_set1.2589.lob
query_set1.5777.lob
query_set1.4801.lob
query_set1.2880.lob
query_set1.1990.lob
query_set1.2307.lob
query_set1.5108.lob
query_set1.4654.lob
query_set1.237.lob
query_set1.554.lob
query_set1.4930.lob
query_set1.4764.lob
query_set1.4485.lob
query_set1.2470.lob
query_set1.5117.lob
query_set1.5890.lob
query_set1.5125.lob
query_set1.4205.lob
query_set1.1788.lob
query_set1.3543.lob
query_set1.2421.lob
query_set1.3242.lob
query_set1.1426.lob
query_set1.1482.lob
query_set1.3125.lob
query_set1.198.lob
query_set1.3147.lob
query_set1.2816.lob
query_set1.3006.lob
query_set1.3134.lob
query_set1.1314.lob
query_set1.984.lob
query_set1.080.lob
query_set1.6083.lob
query_set1.2052.lob
query_set1.4385.lob
query_set1.4388.lob
query_set1.5252.lob
query_set1.4389.lob
query_set1.2023.lob
query_set1.3103.lob
query_set1.5868.lob
query_set1.5991.lob
query_set1.682.lob
query_set1.463.lob
query1.del
query_set1.1235.lob
query_set1.6220.lob
query_set1.864.lob
query_set1.5342.lob
query_set1.3370.lob
query_set1.3599.lob
query_set1.5056.lob
query_set1.1292.lob
query_set1.2937.lob
query_set1.3840.lob
query_set1.199.lob
query_set1.5894.lob
query_set1.1413.lob
query_set1.3113.lob
query_set1.835.lob
query_set1.3099.lob
query_set1.3155.lob
query_set1.253.lob
query_set1.995.lob
query_set1.5627.lob
query_set1.255.lob
query_set1.444.lob
query_set1.2402.lob
query_set1.429.lob
query_set1.6153.lob
query_set1.5051.lob
query_set1.4923.lob
query_set1.2575.lob
query_set1.3472.lob
query_set1.6055.lob
query_set1.1315.lob
query_set1.5262.lob
query_set1.6063.lob
query_set1.4425.lob
query_set1.3010.lob
query_set1.3088.lob
query_set1.5760.lob
query_set1.2006.lob
query_set1.2511.lob
query_set1.2497.lob
query_set1.2319.lob
query_set1.1467.lob
query_set1.3679.lob
query_set1.5508.lob
query_set1.4472.lob
query_set1.2283.lob
query_set1.2310.lob
query_set1.5232.lob
query_set1.3630.lob
query_set1.4598.lob
query_set1.4843.lob
query_set1.5067.lob
query_set1.3240.lob
query_set1.2865.lob
query_set1.033.lob
query_set1.522.lob
query_set1.565.lob
query_set1.6096.lob
query_set1.2499.lob
query_set1.2532.lob
query_set1.3866.lob
query_set1.2095.lob
query_set1.708.lob
query_set1.6069.lob
query_set1.3555.lob
query_set1.4183.lob
query_set1.5471.lob
query_set1.2388.lob
query_set1.723.lob
query_set1.5672.lob
query_set1.4278.lob
query_set1.5635.lob
query_set1.2285.lob
query_set1.1341.lob
query_set1.3152.lob
query_set1.2380.lob
query_set1.5090.lob
query_set1.499.lob
query_set1.291.lob
query_set1.4136.lob
query_set1.5881.lob
query_set1.2295.lob
query_set1.2585.lob
query_set1.4146.lob
query_set1.4937.lob
query_set1.3658.lob
query_set1.2814.lob
query_set1.3207.lob
query_set1.1365.lob
query_set1.4800.lob
query_set1.4655.lob
query_set1.3586.lob
query_set1.2863.lob
query_set1.2544.lob
query_set1.2327.lob
query_set1.5526.lob
query_set1.101.lob
query_set1.976.lob
query_set1.1239.lob
query_set1.2189.lob
query_set1.1521.lob
query_set1.2742.lob
query_set1.2849.lob
query_set1.3642.lob
query_set1.689.lob
query_set1.4200.lob
query_set1.1385.lob
query_set1.2562.lob
query_set1.2699.lob
query_set1.2333.lob
query_set1.4837.lob
query_set1.2687.lob
query_set1.3451.lob
query_set1.3832.lob
query_set1.2061.lob
query_set1.3814.lob
query_set1.5990.lob
query_set1.913.lob
query_set1.4431.lob
query_set1.4193.lob
query_set1.326.lob
query_set1.2153.lob
query_set1.4178.lob
query_set1.4094.lob
query_set1.2103.lob
query_set1.635.lob
query_set1.359.lob
query_set1.768.lob
query_set1.2297.lob
query_set1.093.lob
query_set1.2847.lob
query_set1.4817.lob
query_set1.2070.lob
query_set1.5078.lob
query_set1.1375.lob
query_set1.2308.lob
query_set1.799.lob
query_set1.5540.lob
query_set1.2125.lob
query_set1.3252.lob
query_set1.1209.lob
query_set1.3752.lob
query_set1.3154.lob
query_set1.4434.lob
query_set1.3433.lob
query_set1.6061.lob
query_set1.1937.lob
query_set1.5106.lob
query_set1.1441.lob
query_set1.081.lob
query_set1.4608.lob
query_set1.5507.lob
query_set1.2694.lob
query_set1.5250.lob
query_set1.1362.lob
query_set1.1984.lob
query_set1.2213.lob
query_set1.5542.lob
query_set1.2518.lob
query_set1.5548.lob
query_set1.3353.lob
query_set1.6188.lob
query_set1.3230.lob
query_set1.2979.lob
query_set1.4132.lob
query_set1.3835.lob
query_set1.5552.lob
query_set1.1978.lob
query_set1.479.lob
query_set1.5611.lob
query_set1.5510.lob
query_set1.2210.lob
query_set1.6040.lob
query_set1.5217.lob
query_set1.1409.lob
query_set1.139.lob
query_set1.3007.lob
query_set1.5970.lob
query_set1.4766.lob
query_set1.2870.lob
query_set1.656.lob
query_set1.2247.lob
query_set1.952.lob
query_set1.688.lob
query_set1.225.lob
query_set1.4482.lob
query_set1.3121.lob
query_set1.5844.lob
query_set1.4765.lob
query_set1.629.lob
query_set1.3281.lob
query_set1.4344.lob
query_set1.1412.lob
query_set1.042.lob
query_set1.966.lob
query_set1.4134.lob
query_set1.2415.lob
query_set1.5352.lob
query_set1.779.lob
query_set1.2384.lob
query_set1.5959.lob
query_set1.5086.lob
query_set1.4207.lob
query_set1.2971.lob
query_set1.241.lob
query_set1.5240.lob
query_set1.3715.lob
query_set1.140.lob
query_set1.4518.lob
query_set1.4836.lob
query_set1.3326.lob
query_set1.096.lob
query_set1.1470.lob
query_set1.1298.lob
query_set1.2162.lob
query_set1.1792.lob
query_set1.058.lob
query_set1.3847.lob
query_set1.221.lob
query_set1.1367.lob
query_set1.724.lob
query_set1.3432.lob
query_set1.2381.lob
query_set1.3585.lob
query_set1.4755.lob
query_set1.4112.lob
query_set1.1297.lob
query_set1.2074.lob
query_set1.3360.lob
query_set1.5876.lob
query_set1.5729.lob
query_set1.038.lob
query_set1.5607.lob
query_set1.4198.lob
query_set1.298.lob
query_set1.458.lob
query_set1.4185.lob
query_set1.325.lob
query_set1.3655.lob
query_set1.4066.lob
query_set1.5584.lob
query_set1.606.lob
query_set1.6145.lob
query_set1.802.lob
query_set1.5346.lob
query_set1.4650.lob
query_set1.2833.lob
query_set1.2447.lob
query_set1.3212.lob
query_set1.3622.lob
query_set1.053.lob
query_set1.1509.lob
query_set1.336.lob
query_set1.3656.lob
query_set1.4658.lob
query_set1.1769.lob
query_set1.3397.lob
query_set1.084.lob
query_set1.550.lob
query_set1.5065.lob
query_set1.3749.lob
query_set1.090.lob
query_set1.5924.lob
query_set1.2560.lob
query_set1.2077.lob
query_set1.2064.lob
query_set1.3425.lob
query_set1.4967.lob
query_set1.121.lob
query_set1.2966.lob
query_set1.1137.lob
query_set1.2229.lob
query_set1.1378.lob
query_set1.426.lob
query_set1.055.lob
query_set1.970.lob
query_set1.1325.lob
query_set1.5466.lob
query_set1.3198.lob
query_set1.1958.lob
query_set1.6006.lob
query_set1.2112.lob
query_set1.4352.lob
query_set1.4175.lob
query_set1.1349.lob
query_set1.2214.lob
query_set1.2483.lob
query_set1.794.lob
query_set1.960.lob
query_set1.6138.lob
query_set1.4217.lob
query_set1.905.lob
query_set1.626.lob
query_set1.4214.lob
query_set1.2573.lob
query_set1.331.lob
query_set1.3431.lob
query_set1.1748.lob
query_set1.1380.lob
query_set1.5996.lob
query_set1.5007.lob
query_set1.3127.lob
query_set1.475.lob
query_set1.191.lob
query_set1.4088.lob
query_set1.3468.lob
query_set1.4181.lob
query_set1.4818.lob
query_set1.3232.lob
query_set1.2194.lob
query_set1.2073.lob
query_set1.2169.lob
query_set1.3458.lob
query_set1.1258.lob
query_set1.901.lob
query_set1.616.lob
query_set1.3687.lob
query_set1.2894.lob
query_set1.753.lob
query_set1.4450.lob
query_set1.267.lob
query_set1.5267.lob
query_set1.2697.lob
query_set1.2260.lob
query_set1.2263.lob
query_set1.2005.lob
query_set1.2178.lob
query_set1.4161.lob
query_set1.5269.lob
query_set1.2837.lob
query_set1.4332.lob
query_set1.933.lob
query_set1.5382.lob
query_set1.4968.lob
query_set1.1809.lob
query_set1.3617.lob
query_set1.1485.lob
query_set1.1545.lob
query_set1.116.lob
query_set1.3729.lob
query_set1.1317.lob
query_set1.3885.lob
query_set1.5708.lob
